Archive member included to satisfy reference by file (symbol)

/home/yuan/gcc-arm-none-eabi-5_4-2016q3/bin/../lib/gcc/arm-none-eabi/5.4.1/../../../../arm-none-eabi/lib/armv6-m/libc_nano.a(lib_a-exit.o)
                              /home/yuan/gcc-arm-none-eabi-5_4-2016q3/bin/../lib/gcc/arm-none-eabi/5.4.1/../../../../arm-none-eabi/lib/armv6-m/crt0.o (exit)
/home/yuan/gcc-arm-none-eabi-5_4-2016q3/bin/../lib/gcc/arm-none-eabi/5.4.1/../../../../arm-none-eabi/lib/armv6-m/libc_nano.a(lib_a-impure.o)
                              /home/yuan/gcc-arm-none-eabi-5_4-2016q3/bin/../lib/gcc/arm-none-eabi/5.4.1/../../../../arm-none-eabi/lib/armv6-m/libc_nano.a(lib_a-exit.o) (_global_impure_ptr)
/home/yuan/gcc-arm-none-eabi-5_4-2016q3/bin/../lib/gcc/arm-none-eabi/5.4.1/../../../../arm-none-eabi/lib/armv6-m/libc_nano.a(lib_a-init.o)
                              /home/yuan/gcc-arm-none-eabi-5_4-2016q3/bin/../lib/gcc/arm-none-eabi/5.4.1/../../../../arm-none-eabi/lib/armv6-m/crt0.o (__libc_init_array)
/home/yuan/gcc-arm-none-eabi-5_4-2016q3/bin/../lib/gcc/arm-none-eabi/5.4.1/../../../../arm-none-eabi/lib/armv6-m/libc_nano.a(lib_a-memcpy-stub.o)
                              build/ssd1306.o (memcpy)
/home/yuan/gcc-arm-none-eabi-5_4-2016q3/bin/../lib/gcc/arm-none-eabi/5.4.1/../../../../arm-none-eabi/lib/armv6-m/libc_nano.a(lib_a-memset.o)
                              /home/yuan/gcc-arm-none-eabi-5_4-2016q3/bin/../lib/gcc/arm-none-eabi/5.4.1/../../../../arm-none-eabi/lib/armv6-m/crt0.o (memset)
/home/yuan/gcc-arm-none-eabi-5_4-2016q3/bin/../lib/gcc/arm-none-eabi/5.4.1/../../../../arm-none-eabi/lib/armv6-m/libc_nano.a(lib_a-printf.o)
                              build/board.o (printf)
/home/yuan/gcc-arm-none-eabi-5_4-2016q3/bin/../lib/gcc/arm-none-eabi/5.4.1/../../../../arm-none-eabi/lib/armv6-m/libc_nano.a(lib_a-putchar.o)
                              build/board.o (putchar)
/home/yuan/gcc-arm-none-eabi-5_4-2016q3/bin/../lib/gcc/arm-none-eabi/5.4.1/../../../../arm-none-eabi/lib/armv6-m/libc_nano.a(lib_a-puts.o)
                              build/main.o (puts)
/home/yuan/gcc-arm-none-eabi-5_4-2016q3/bin/../lib/gcc/arm-none-eabi/5.4.1/../../../../arm-none-eabi/lib/armv6-m/libc_nano.a(lib_a-wbuf.o)
                              /home/yuan/gcc-arm-none-eabi-5_4-2016q3/bin/../lib/gcc/arm-none-eabi/5.4.1/../../../../arm-none-eabi/lib/armv6-m/libc_nano.a(lib_a-puts.o) (__swbuf_r)
/home/yuan/gcc-arm-none-eabi-5_4-2016q3/bin/../lib/gcc/arm-none-eabi/5.4.1/../../../../arm-none-eabi/lib/armv6-m/libc_nano.a(lib_a-wsetup.o)
                              /home/yuan/gcc-arm-none-eabi-5_4-2016q3/bin/../lib/gcc/arm-none-eabi/5.4.1/../../../../arm-none-eabi/lib/armv6-m/libc_nano.a(lib_a-puts.o) (__swsetup_r)
/home/yuan/gcc-arm-none-eabi-5_4-2016q3/bin/../lib/gcc/arm-none-eabi/5.4.1/../../../../arm-none-eabi/lib/armv6-m/libc_nano.a(lib_a-fflush.o)
                              /home/yuan/gcc-arm-none-eabi-5_4-2016q3/bin/../lib/gcc/arm-none-eabi/5.4.1/../../../../arm-none-eabi/lib/armv6-m/libc_nano.a(lib_a-wbuf.o) (_fflush_r)
/home/yuan/gcc-arm-none-eabi-5_4-2016q3/bin/../lib/gcc/arm-none-eabi/5.4.1/../../../../arm-none-eabi/lib/armv6-m/libc_nano.a(lib_a-findfp.o)
                              /home/yuan/gcc-arm-none-eabi-5_4-2016q3/bin/../lib/gcc/arm-none-eabi/5.4.1/../../../../arm-none-eabi/lib/armv6-m/libc_nano.a(lib_a-printf.o) (__sinit)
/home/yuan/gcc-arm-none-eabi-5_4-2016q3/bin/../lib/gcc/arm-none-eabi/5.4.1/../../../../arm-none-eabi/lib/armv6-m/libc_nano.a(lib_a-fwalk.o)
                              /home/yuan/gcc-arm-none-eabi-5_4-2016q3/bin/../lib/gcc/arm-none-eabi/5.4.1/../../../../arm-none-eabi/lib/armv6-m/libc_nano.a(lib_a-findfp.o) (_fwalk)
/home/yuan/gcc-arm-none-eabi-5_4-2016q3/bin/../lib/gcc/arm-none-eabi/5.4.1/../../../../arm-none-eabi/lib/armv6-m/libc_nano.a(lib_a-makebuf.o)
                              /home/yuan/gcc-arm-none-eabi-5_4-2016q3/bin/../lib/gcc/arm-none-eabi/5.4.1/../../../../arm-none-eabi/lib/armv6-m/libc_nano.a(lib_a-wsetup.o) (__smakebuf_r)
/home/yuan/gcc-arm-none-eabi-5_4-2016q3/bin/../lib/gcc/arm-none-eabi/5.4.1/../../../../arm-none-eabi/lib/armv6-m/libc_nano.a(lib_a-nano-freer.o)
                              /home/yuan/gcc-arm-none-eabi-5_4-2016q3/bin/../lib/gcc/arm-none-eabi/5.4.1/../../../../arm-none-eabi/lib/armv6-m/libc_nano.a(lib_a-wsetup.o) (_free_r)
/home/yuan/gcc-arm-none-eabi-5_4-2016q3/bin/../lib/gcc/arm-none-eabi/5.4.1/../../../../arm-none-eabi/lib/armv6-m/libc_nano.a(lib_a-nano-mallocr.o)
                              /home/yuan/gcc-arm-none-eabi-5_4-2016q3/bin/../lib/gcc/arm-none-eabi/5.4.1/../../../../arm-none-eabi/lib/armv6-m/libc_nano.a(lib_a-findfp.o) (_malloc_r)
/home/yuan/gcc-arm-none-eabi-5_4-2016q3/bin/../lib/gcc/arm-none-eabi/5.4.1/../../../../arm-none-eabi/lib/armv6-m/libc_nano.a(lib_a-nano-vfprintf.o)
[...]
Memory Configuration

Name             Origin             Length             Attributes
RAM              0x20000000         0x00001000         xrw
FLASH            0x08000000         0x00004000         xr
*default*        0x00000000         0xffffffff

Linker script and memory map

LOAD /home/yuan/gcc-arm-none-eabi-5_4-2016q3/bin/../lib/gcc/arm-none-eabi/5.4.1/armv6-m/crti.o
LOAD /home/yuan/gcc-arm-none-eabi-5_4-2016q3/bin/../lib/gcc/arm-none-eabi/5.4.1/armv6-m/crtbegin.o
LOAD /home/yuan/gcc-arm-none-eabi-5_4-2016q3/bin/../lib/gcc/arm-none-eabi/5.4.1/../../../../arm-none-eabi/lib/armv6-m/crt0.o
LOAD build/main.o
LOAD build/board.o
LOAD build/gpio_uart.o
LOAD build/stm32f0xx_it.o
LOAD build/stm32f0xx_hal_msp.o
LOAD build/light_rcc_init.o
LOAD build/ssd1306_fonts.o
LOAD build/ssd1306.o
LOAD build/ina3221.o
LOAD build/stm32f0xx_hal_tim.o
LOAD build/stm32f0xx_hal_tim_ex.o
LOAD build/stm32f0xx_hal_uart.o
LOAD build/stm32f0xx_hal_uart_ex.o
LOAD build/stm32f0xx_hal_adc.o
LOAD build/stm32f0xx_hal_adc_ex.o
LOAD build/stm32f0xx_hal_rcc.o
LOAD build/stm32f0xx_hal_rcc_ex.o
LOAD build/stm32f0xx_hal.o
LOAD build/stm32f0xx_hal_i2c.o
LOAD build/stm32f0xx_hal_i2c_ex.o
LOAD build/stm32f0xx_hal_gpio.o
LOAD build/stm32f0xx_hal_dma.o
LOAD build/stm32f0xx_hal_cortex.o
LOAD build/stm32f0xx_hal_pwr.o
LOAD build/stm32f0xx_hal_pwr_ex.o
LOAD build/stm32f0xx_hal_flash.o
LOAD build/stm32f0xx_hal_flash_ex.o
LOAD build/stm32f0xx_hal_exti.o
LOAD build/system_stm32f0xx.o
LOAD build/startup_stm32f030x6.o
LOAD /home/yuan/gcc-arm-none-eabi-5_4-2016q3/bin/../lib/gcc/arm-none-eabi/5.4.1/../../../../arm-none-eabi/lib/armv6-m/libc_nano.a
LOAD /home/yuan/gcc-arm-none-eabi-5_4-2016q3/bin/../lib/gcc/arm-none-eabi/5.4.1/../../../../arm-none-eabi/lib/armv6-m/libm.a
LOAD /home/yuan/gcc-arm-none-eabi-5_4-2016q3/bin/../lib/gcc/arm-none-eabi/5.4.1/../../../../arm-none-eabi/lib/armv6-m/libnosys.a
START GROUP
LOAD /home/yuan/gcc-arm-none-eabi-5_4-2016q3/bin/../lib/gcc/arm-none-eabi/5.4.1/armv6-m/libgcc.a
LOAD /home/yuan/gcc-arm-none-eabi-5_4-2016q3/bin/../lib/gcc/arm-none-eabi/5.4.1/../../../../arm-none-eabi/lib/armv6-m/libc_nano.a
END GROUP
START GROUP
LOAD /home/yuan/gcc-arm-none-eabi-5_4-2016q3/bin/../lib/gcc/arm-none-eabi/5.4.1/armv6-m/libgcc.a
LOAD /home/yuan/gcc-arm-none-eabi-5_4-2016q3/bin/../lib/gcc/arm-none-eabi/5.4.1/../../../../arm-none-eabi/lib/armv6-m/libc_nano.a
END GROUP
LOAD /home/yuan/gcc-arm-none-eabi-5_4-2016q3/bin/../lib/gcc/arm-none-eabi/5.4.1/armv6-m/crtend.o
LOAD /home/yuan/gcc-arm-none-eabi-5_4-2016q3/bin/../lib/gcc/arm-none-eabi/5.4.1/armv6-m/crtn.o
                0x20001000                _estack = (ORIGIN (RAM) + LENGTH (RAM))
                0x00000200                _Min_Heap_Size = 0x200
                0x00000400                _Min_Stack_Size = 0x400

.isr_vector     0x08000000       0xc0
                0x08000000                . = ALIGN (0x4)
 *(.isr_vector)
 .isr_vector    0x08000000       0xc0 build/startup_stm32f030x6.o
                0x08000000                g_pfnVectors
                0x080000c0                . = ALIGN (0x4)

.text           0x080000c0     0x2e28
                0x080000c0                . = ALIGN (0x4)
 *(.text)
 .text          0x080000c0       0x60 /home/yuan/gcc-arm-none-eabi-5_4-2016q3/bin/../lib/gcc/arm-none-eabi/5.4.1/armv6-m/crtbegin.o
 .text          0x08000120      0x114 /home/yuan/gcc-arm-none-eabi-5_4-2016q3/bin/../lib/gcc/arm-none-eabi/5.4.1/armv6-m/libgcc.a(_udivsi3.o)
                0x08000120                __udivsi3
                0x08000120                __aeabi_uidiv
                0x0800022c                __aeabi_uidivmod
 .text          0x08000234      0x1d4 /home/yuan/gcc-arm-none-eabi-5_4-2016q3/bin/../lib/gcc/arm-none-eabi/5.4.1/armv6-m/libgcc.a(_divsi3.o)
                0x08000234                __aeabi_idiv
                0x08000234                __divsi3
                0x08000400                __aeabi_idivmod
 .text          0x08000408        0x4 /home/yuan/gcc-arm-none-eabi-5_4-2016q3/bin/../lib/gcc/arm-none-eabi/5.4.1/armv6-m/libgcc.a(_dvmd_tls.o)
                0x08000408                __aeabi_ldiv0
                0x08000408                __aeabi_idiv0
 *(.text*)
 .text.MX_GPIO_Init
                0x0800040c       0xb0 build/main.o
 .text.Error_Handler
                0x080004bc       0x34 build/main.o
                0x080004bc                Error_Handler
 .text.MX_I2C1_Init
                0x080004f0       0x58 build/main.o
 .text.main     0x08000548       0x68 build/main.o
                0x08000548                main
 .text._write   0x080005b0       0x10 build/board.o
                0x080005b0                _write
 .text.BOARD_get_sku
                0x080005c0        0x4 build/board.o
                0x080005c0                BOARD_get_sku
 .text.sku_Init
                0x080005c4       0x14 build/board.o
                0x080005c4                sku_Init
 .text.i2c_scan
                0x080005d8       0x50 build/board.o
                0x080005d8                i2c_scan
 .text.ssd1306_show
                0x08000628      0x1cc build/board.o
                0x08000628                ssd1306_show
 .text.BOARD_Init
                0x080007f4       0x5c build/board.o
                0x080007f4                BOARD_Init
 .text.BOARD_Loop
                0x08000850       0x50 build/board.o
                0x08000850                BOARD_Loop
 .text.delay_1us
                0x080008a0       0x28 build/gpio_uart.o
 .text.delay_us
                0x080008c8       0x14 build/gpio_uart.o
 .text.GPIO_UART_send_byte
                0x080008dc       0x54 build/gpio_uart.o
                0x080008dc                GPIO_UART_send_byte
 .text.GPIO_UART_Transmit
                0x08000930       0x1c build/gpio_uart.o
                0x08000930                GPIO_UART_Transmit
 .text.GPIO_UART_Init
                0x0800094c       0x20 build/gpio_uart.o
                0x0800094c                GPIO_UART_Init
 .text.NMI_Handler
                0x0800096c        0x4 build/stm32f0xx_it.o
                0x0800096c                NMI_Handler
 .text.HardFault_Handler
                0x08000970        0x4 build/stm32f0xx_it.o
                0x08000970                HardFault_Handler
 .text.SVC_Handler
                0x08000974        0x4 build/stm32f0xx_it.o
                0x08000974                SVC_Handler
 .text.PendSV_Handler
                0x08000978        0x4 build/stm32f0xx_it.o
                0x08000978                PendSV_Handler
 .text.SysTick_Handler
                0x0800097c        0x8 build/stm32f0xx_it.o
                0x0800097c                SysTick_Handler
 .text.HAL_MspInit
                0x08000984       0x30 build/stm32f0xx_hal_msp.o
                0x08000984                HAL_MspInit
 .text.HAL_I2C_MspInit
                0x080009b4       0x68 build/stm32f0xx_hal_msp.o
                0x080009b4                HAL_I2C_MspInit
 .text.Light_SystemClock_Config
                0x08000a1c      0x1c0 build/light_rcc_init.o
                0x08000a1c                Light_SystemClock_Config
 .text.ssd1306_WriteCommand
                0x08000bdc       0x2c build/ssd1306.o
                0x08000bdc                ssd1306_WriteCommand
 .text.ssd1306_WriteData
                0x08000c08       0x24 build/ssd1306.o
                0x08000c08                ssd1306_WriteData
 .text.is_ssd1306_ready
                0x08000c2c       0x18 build/ssd1306.o
                0x08000c2c                is_ssd1306_ready
 .text.ssd1306_Fill
                0x08000c44       0x24 build/ssd1306.o
                0x08000c44                ssd1306_Fill
 .text.ssd1306_UpdateScreen
                0x08000c68       0x38 build/ssd1306.o
                0x08000c68                ssd1306_UpdateScreen
 .text.ssd1306_DrawPixel
                0x08000ca0       0x44 build/ssd1306.o
                0x08000ca0                ssd1306_DrawPixel
 .text.find_index
                0x08000ce4       0x2c build/ssd1306.o
                0x08000ce4                find_index
 .text.ssd1306_WriteChar
                0x08000d10       0x98 build/ssd1306.o
                0x08000d10                ssd1306_WriteChar
 .text.ssd1306_WriteString
                0x08000da8       0x2c build/ssd1306.o
                0x08000da8                ssd1306_WriteString
 .text.ssd1306_SetCursor
                0x08000dd4        0xc build/ssd1306.o
                0x08000dd4                ssd1306_SetCursor
 .text.ssd1306_SetContrast
                0x08000de0       0x14 build/ssd1306.o
                0x08000de0                ssd1306_SetContrast
 .text.ssd1306_SetDisplayOn
                0x08000df4       0x24 build/ssd1306.o
                0x08000df4                ssd1306_SetDisplayOn
 .text.ssd1306_Init
                0x08000e18       0xd4 build/ssd1306.o
                0x08000e18                ssd1306_Init
 .text.ina3221_set_reg_pointer
                0x08000eec       0x24 build/ina3221.o
 .text.ina3221_read16
                0x08000f10       0x3c build/ina3221.o
 .text.ina3221_write16
                0x08000f4c       0x30 build/ina3221.o
 .text.ina3221_gat_data
                0x08000f7c       0x4c build/ina3221.o
                0x08000f7c                ina3221_gat_data
 .text.ina3221_reset
                0x08000fc8       0x10 build/ina3221.o
                0x08000fc8                ina3221_reset
 .text.is_ina3221_ready
                0x08000fd8       0x18 build/ina3221.o
                0x08000fd8                is_ina3221_ready
 .text.ina3221_init
                0x08000ff0       0x28 build/ina3221.o
                0x08000ff0                ina3221_init
 .text.HAL_RCC_GetSysClockFreq
                0x08001018       0x68 build/stm32f0xx_hal_rcc.o
                0x08001018                HAL_RCC_GetSysClockFreq
 .text.HAL_InitTick
                0x08001080       0x4c build/stm32f0xx_hal.o
                0x08001080                HAL_InitTick
 .text.HAL_Init
                0x080010cc       0x20 build/stm32f0xx_hal.o
                0x080010cc                HAL_Init
 .text.HAL_IncTick
                0x080010ec       0x18 build/stm32f0xx_hal.o
                0x080010ec                HAL_IncTick
 .text.HAL_GetTick
                0x08001104        0xc build/stm32f0xx_hal.o
                0x08001104                HAL_GetTick
 .text.HAL_Delay
                0x08001110       0x24 build/stm32f0xx_hal.o
                0x08001110                HAL_Delay
 .text.I2C_Flush_TXDR
                0x08001134       0x20 build/stm32f0xx_hal_i2c.o
 .text.I2C_TransferConfig
                0x08001154       0x30 build/stm32f0xx_hal_i2c.o
 .text.I2C_IsAcknowledgeFailed
                0x08001184       0x94 build/stm32f0xx_hal_i2c.o
 .text.I2C_WaitOnTXISFlagUntilTimeout
                0x08001218       0x54 build/stm32f0xx_hal_i2c.o
 .text.I2C_WaitOnFlagUntilTimeout
                0x0800126c       0x50 build/stm32f0xx_hal_i2c.o
 .text.I2C_RequestMemoryWrite
                0x080012bc       0x74 build/stm32f0xx_hal_i2c.o
 .text.I2C_WaitOnSTOPFlagUntilTimeout
                0x08001330       0x50 build/stm32f0xx_hal_i2c.o
 .text.I2C_WaitOnRXNEFlagUntilTimeout
                0x08001380       0x88 build/stm32f0xx_hal_i2c.o
 .text.HAL_I2C_Init
                0x08001408       0xc8 build/stm32f0xx_hal_i2c.o
                0x08001408                HAL_I2C_Init
 .text.HAL_I2C_Master_Transmit
                0x080014d0      0x16c build/stm32f0xx_hal_i2c.o
                0x080014d0                HAL_I2C_Master_Transmit
 .text.HAL_I2C_Master_Receive
                0x0800163c      0x16c build/stm32f0xx_hal_i2c.o
                0x0800163c                HAL_I2C_Master_Receive
 .text.HAL_I2C_Mem_Write
                0x080017a8      0x1a4 build/stm32f0xx_hal_i2c.o
                0x080017a8                HAL_I2C_Mem_Write
 .text.HAL_I2C_IsDeviceReady
                0x0800194c      0x180 build/stm32f0xx_hal_i2c.o
                0x0800194c                HAL_I2C_IsDeviceReady
 .text.HAL_I2CEx_ConfigAnalogFilter
                0x08001acc       0x58 build/stm32f0xx_hal_i2c_ex.o
                0x08001acc                HAL_I2CEx_ConfigAnalogFilter
 .text.HAL_I2CEx_ConfigDigitalFilter
                0x08001b24       0x54 build/stm32f0xx_hal_i2c_ex.o
                0x08001b24                HAL_I2CEx_ConfigDigitalFilter
 .text.HAL_GPIO_Init
                0x08001b78      0x184 build/stm32f0xx_hal_gpio.o
                0x08001b78                HAL_GPIO_Init
 .text.HAL_GPIO_WritePin
                0x08001cfc        0xc build/stm32f0xx_hal_gpio.o
                0x08001cfc                HAL_GPIO_WritePin
 .text.HAL_GPIO_TogglePin
                0x08001d08       0x10 build/stm32f0xx_hal_gpio.o
                0x08001d08                HAL_GPIO_TogglePin
 .text.HAL_NVIC_SetPriority
                0x08001d18       0x64 build/stm32f0xx_hal_cortex.o
                0x08001d18                HAL_NVIC_SetPriority
 .text.HAL_NVIC_SystemReset
                0x08001d7c       0x1c build/stm32f0xx_hal_cortex.o
                0x08001d7c                HAL_NVIC_SystemReset
 .text.HAL_SYSTICK_Config
                0x08001d98       0x38 build/stm32f0xx_hal_cortex.o
                0x08001d98                HAL_SYSTICK_Config
 .text.SystemInit
                0x08001dd0        0x4 build/system_stm32f0xx.o
                0x08001dd0                SystemInit
 .text.Reset_Handler
                0x08001dd4       0x50 build/startup_stm32f030x6.o
                0x08001dd4                Reset_Handler
 .text.Default_Handler
                0x08001e24        0x2 build/startup_stm32f030x6.o
                0x08001e24                TIM1_CC_IRQHandler
                0x08001e24                I2C1_IRQHandler
                0x08001e24                SPI1_IRQHandler
                0x08001e24                EXTI2_3_IRQHandler
                0x08001e24                ADC1_IRQHandler
                0x08001e24                TIM17_IRQHandler
                0x08001e24                RTC_IRQHandler
                0x08001e24                TIM16_IRQHandler
                0x08001e24                TIM3_IRQHandler
                0x08001e24                EXTI4_15_IRQHandler
                0x08001e24                RCC_IRQHandler
                0x08001e24                DMA1_Channel1_IRQHandler
                0x08001e24                Default_Handler
                0x08001e24                TIM14_IRQHandler
                0x08001e24                DMA1_Channel4_5_IRQHandler
                0x08001e24                EXTI0_1_IRQHandler
                0x08001e24                WWDG_IRQHandler
                0x08001e24                DMA1_Channel2_3_IRQHandler
                0x08001e24                FLASH_IRQHandler
                0x08001e24                USART1_IRQHandler
                0x08001e24                TIM1_BRK_UP_TRG_COM_IRQHandler
 *fill*         0x08001e26        0x2 
 .text.__libc_init_array
                0x08001e28       0x4c /home/yuan/gcc-arm-none-eabi-5_4-2016q3/bin/../lib/gcc/arm-none-eabi/5.4.1/../../../../arm-none-eabi/lib/armv6-m/libc_nano.a(lib_a-init.o)
                0x08001e28                __libc_init_array
 .text.memcpy   0x08001e74       0x12 /home/yuan/gcc-arm-none-eabi-5_4-2016q3/bin/../lib/gcc/arm-none-eabi/5.4.1/../../../../arm-none-eabi/lib/armv6-m/libc_nano.a(lib_a-memcpy-stub.o)
                0x08001e74                memcpy
 .text.memset   0x08001e86       0x10 /home/yuan/gcc-arm-none-eabi-5_4-2016q3/bin/../lib/gcc/arm-none-eabi/5.4.1/../../../../arm-none-eabi/lib/armv6-m/libc_nano.a(lib_a-memset.o)
                0x08001e86                memset
 *fill*         0x08001e96        0x2 
 .text.printf   0x08001e98       0x34 /home/yuan/gcc-arm-none-eabi-5_4-2016q3/bin/../lib/gcc/arm-none-eabi/5.4.1/../../../../arm-none-eabi/lib/armv6-m/libc_nano.a(lib_a-printf.o)
                0x08001e98                printf
                0x08001e98                iprintf
 .text.putchar  0x08001ecc       0x28 /home/yuan/gcc-arm-none-eabi-5_4-2016q3/bin/../lib/gcc/arm-none-eabi/5.4.1/../../../../arm-none-eabi/lib/armv6-m/libc_nano.a(lib_a-putchar.o)
                0x08001ecc                putchar
 .text._puts_r  0x08001ef4       0xc4 /home/yuan/gcc-arm-none-eabi-5_4-2016q3/bin/../lib/gcc/arm-none-eabi/5.4.1/../../../../arm-none-eabi/lib/armv6-m/libc_nano.a(lib_a-puts.o)
                0x08001ef4                _puts_r
 .text.puts     0x08001fb8       0x14 /home/yuan/gcc-arm-none-eabi-5_4-2016q3/bin/../lib/gcc/arm-none-eabi/5.4.1/../../../../arm-none-eabi/lib/armv6-m/libc_nano.a(lib_a-puts.o)
                0x08001fb8                puts
 .text.__swbuf_r
                0x08001fcc       0xac /home/yuan/gcc-arm-none-eabi-5_4-2016q3/bin/../lib/gcc/arm-none-eabi/5.4.1/../../../../arm-none-eabi/lib/armv6-m/libc_nano.a(lib_a-wbuf.o)
                0x08001fcc                __swbuf_r
 .text.__swsetup_r
                0x08002078       0xec /home/yuan/gcc-arm-none-eabi-5_4-2016q3/bin/../lib/gcc/arm-none-eabi/5.4.1/../../../../arm-none-eabi/lib/armv6-m/libc_nano.a(lib_a-wsetup.o)
                0x08002078                __swsetup_r
 .text.__sflush_r
                0x08002164      0x10c /home/yuan/gcc-arm-none-eabi-5_4-2016q3/bin/../lib/gcc/arm-none-eabi/5.4.1/../../../../arm-none-eabi/lib/armv6-m/libc_nano.a(lib_a-fflush.o)
                0x08002164                __sflush_r
 .text._fflush_r
                0x08002270       0x58 /home/yuan/gcc-arm-none-eabi-5_4-2016q3/bin/../lib/gcc/arm-none-eabi/5.4.1/../../../../arm-none-eabi/lib/armv6-m/libc_nano.a(lib_a-fflush.o)
                0x08002270                _fflush_r
 .text._cleanup_r
                0x080022c8       0x10 /home/yuan/gcc-arm-none-eabi-5_4-2016q3/bin/../lib/gcc/arm-none-eabi/5.4.1/../../../../arm-none-eabi/lib/armv6-m/libc_nano.a(lib_a-findfp.o)
                0x080022c8                _cleanup_r
 .text.std.isra.0
                0x080022d8       0x48 /home/yuan/gcc-arm-none-eabi-5_4-2016q3/bin/../lib/gcc/arm-none-eabi/5.4.1/../../../../arm-none-eabi/lib/armv6-m/libc_nano.a(lib_a-findfp.o)
 .text.__sfmoreglue
                0x08002320       0x2c /home/yuan/gcc-arm-none-eabi-5_4-2016q3/bin/../lib/gcc/arm-none-eabi/5.4.1/../../../../arm-none-eabi/lib/armv6-m/libc_nano.a(lib_a-findfp.o)
                0x08002320                __sfmoreglue
 .text.__sinit  0x0800234c       0x68 /home/yuan/gcc-arm-none-eabi-5_4-2016q3/bin/../lib/gcc/arm-none-eabi/5.4.1/../../../../arm-none-eabi/lib/armv6-m/libc_nano.a(lib_a-findfp.o)
                0x0800234c                __sinit
 .text.__sfp    0x080023b4       0x7c /home/yuan/gcc-arm-none-eabi-5_4-2016q3/bin/../lib/gcc/arm-none-eabi/5.4.1/../../../../arm-none-eabi/lib/armv6-m/libc_nano.a(lib_a-findfp.o)
                0x080023b4                __sfp
 .text._fwalk_reent
                0x08002430       0x42 /home/yuan/gcc-arm-none-eabi-5_4-2016q3/bin/../lib/gcc/arm-none-eabi/5.4.1/../../../../arm-none-eabi/lib/armv6-m/libc_nano.a(lib_a-fwalk.o)
                0x08002430                _fwalk_reent
 *fill*         0x08002472        0x2 
 .text.__swhatbuf_r
                0x08002474       0x4c /home/yuan/gcc-arm-none-eabi-5_4-2016q3/bin/../lib/gcc/arm-none-eabi/5.4.1/../../../../arm-none-eabi/lib/armv6-m/libc_nano.a(lib_a-makebuf.o)
                0x08002474                __swhatbuf_r
 .text.__smakebuf_r
                0x080024c0       0x7c /home/yuan/gcc-arm-none-eabi-5_4-2016q3/bin/../lib/gcc/arm-none-eabi/5.4.1/../../../../arm-none-eabi/lib/armv6-m/libc_nano.a(lib_a-makebuf.o)
                0x080024c0                __smakebuf_r
 .text._free_r  0x0800253c       0x98 /home/yuan/gcc-arm-none-eabi-5_4-2016q3/bin/../lib/gcc/arm-none-eabi/5.4.1/../../../../arm-none-eabi/lib/armv6-m/libc_nano.a(lib_a-nano-freer.o)
                0x0800253c                _free_r
 .text._malloc_r
                0x080025d4       0xc0 /home/yuan/gcc-arm-none-eabi-5_4-2016q3/bin/../lib/gcc/arm-none-eabi/5.4.1/../../../../arm-none-eabi/lib/armv6-m/libc_nano.a(lib_a-nano-mallocr.o)
                0x080025d4                _malloc_r
 .text.__sfputc_r
                0x08002694       0x2a /home/yuan/gcc-arm-none-eabi-5_4-2016q3/bin/../lib/gcc/arm-none-eabi/5.4.1/../../../../arm-none-eabi/lib/armv6-m/libc_nano.a(lib_a-nano-vfprintf.o)
 .text.__sfputs_r
                0x080026be       0x24 /home/yuan/gcc-arm-none-eabi-5_4-2016q3/bin/../lib/gcc/arm-none-eabi/5.4.1/../../../../arm-none-eabi/lib/armv6-m/libc_nano.a(lib_a-nano-vfprintf.o)
                0x080026be                __sfputs_r
 *fill*         0x080026e2        0x2 
 .text._vfprintf_r
                0x080026e4      0x238 /home/yuan/gcc-arm-none-eabi-5_4-2016q3/bin/../lib/gcc/arm-none-eabi/5.4.1/../../../../arm-none-eabi/lib/armv6-m/libc_nano.a(lib_a-nano-vfprintf.o)
                0x080026e4                _vfiprintf_r
                0x080026e4                _vfprintf_r
 .text._printf_common
                0x0800291c       0xdc /home/yuan/gcc-arm-none-eabi-5_4-2016q3/bin/../lib/gcc/arm-none-eabi/5.4.1/../../../../arm-none-eabi/lib/armv6-m/libc_nano.a(lib_a-nano-vfprintf_i.o)
                0x0800291c                _printf_common
 .text._printf_i
                0x080029f8      0x244 /home/yuan/gcc-arm-none-eabi-5_4-2016q3/bin/../lib/gcc/arm-none-eabi/5.4.1/../../../../arm-none-eabi/lib/armv6-m/libc_nano.a(lib_a-nano-vfprintf_i.o)
                0x080029f8                _printf_i
 .text._putc_r  0x08002c3c       0x6c /home/yuan/gcc-arm-none-eabi-5_4-2016q3/bin/../lib/gcc/arm-none-eabi/5.4.1/../../../../arm-none-eabi/lib/armv6-m/libc_nano.a(lib_a-putc.o)
                0x08002c3c                _putc_r
 .text._sbrk_r  0x08002ca8       0x24 /home/yuan/gcc-arm-none-eabi-5_4-2016q3/bin/../lib/gcc/arm-none-eabi/5.4.1/../../../../arm-none-eabi/lib/armv6-m/libc_nano.a(lib_a-sbrkr.o)
                0x08002ca8                _sbrk_r
 .text.__sread  0x08002ccc       0x28 /home/yuan/gcc-arm-none-eabi-5_4-2016q3/bin/../lib/gcc/arm-none-eabi/5.4.1/../../../../arm-none-eabi/lib/armv6-m/libc_nano.a(lib_a-stdio.o)
                0x08002ccc                __sread
 .text.__swrite
                0x08002cf4       0x38 /home/yuan/gcc-arm-none-eabi-5_4-2016q3/bin/../lib/gcc/arm-none-eabi/5.4.1/../../../../arm-none-eabi/lib/armv6-m/libc_nano.a(lib_a-stdio.o)
                0x08002cf4                __swrite
 .text.__sseek  0x08002d2c       0x2c /home/yuan/gcc-arm-none-eabi-5_4-2016q3/bin/../lib/gcc/arm-none-eabi/5.4.1/../../../../arm-none-eabi/lib/armv6-m/libc_nano.a(lib_a-stdio.o)
                0x08002d2c                __sseek
 .text.__sclose
                0x08002d58        0xc /home/yuan/gcc-arm-none-eabi-5_4-2016q3/bin/../lib/gcc/arm-none-eabi/5.4.1/../../../../arm-none-eabi/lib/armv6-m/libc_nano.a(lib_a-stdio.o)
                0x08002d58                __sclose
 .text._write_r
                0x08002d64       0x28 /home/yuan/gcc-arm-none-eabi-5_4-2016q3/bin/../lib/gcc/arm-none-eabi/5.4.1/../../../../arm-none-eabi/lib/armv6-m/libc_nano.a(lib_a-writer.o)
                0x08002d64                _write_r
 .text._close_r
                0x08002d8c       0x24 /home/yuan/gcc-arm-none-eabi-5_4-2016q3/bin/../lib/gcc/arm-none-eabi/5.4.1/../../../../arm-none-eabi/lib/armv6-m/libc_nano.a(lib_a-closer.o)
                0x08002d8c                _close_r
 .text._fstat_r
                0x08002db0       0x24 /home/yuan/gcc-arm-none-eabi-5_4-2016q3/bin/../lib/gcc/arm-none-eabi/5.4.1/../../../../arm-none-eabi/lib/armv6-m/libc_nano.a(lib_a-fstatr.o)
                0x08002db0                _fstat_r
 .text._isatty_r
                0x08002dd4       0x24 /home/yuan/gcc-arm-none-eabi-5_4-2016q3/bin/../lib/gcc/arm-none-eabi/5.4.1/../../../../arm-none-eabi/lib/armv6-m/libc_nano.a(lib_a-isattyr.o)
                0x08002dd4                _isatty_r
 .text._lseek_r
                0x08002df8       0x28 /home/yuan/gcc-arm-none-eabi-5_4-2016q3/bin/../lib/gcc/arm-none-eabi/5.4.1/../../../../arm-none-eabi/lib/armv6-m/libc_nano.a(lib_a-lseekr.o)
                0x08002df8                _lseek_r
 .text.memchr   0x08002e20       0x16 /home/yuan/gcc-arm-none-eabi-5_4-2016q3/bin/../lib/gcc/arm-none-eabi/5.4.1/../../../../arm-none-eabi/lib/armv6-m/libc_nano.a(lib_a-memchr-stub.o)
                0x08002e20                memchr
 .text.__malloc_lock
                0x08002e36        0x2 /home/yuan/gcc-arm-none-eabi-5_4-2016q3/bin/../lib/gcc/arm-none-eabi/5.4.1/../../../../arm-none-eabi/lib/armv6-m/libc_nano.a(lib_a-mlock.o)
                0x08002e36                __malloc_lock
 .text.__malloc_unlock
                0x08002e38        0x2 /home/yuan/gcc-arm-none-eabi-5_4-2016q3/bin/../lib/gcc/arm-none-eabi/5.4.1/../../../../arm-none-eabi/lib/armv6-m/libc_nano.a(lib_a-mlock.o)
                0x08002e38                __malloc_unlock
 *fill*         0x08002e3a        0x2 
 .text._read_r  0x08002e3c       0x28 /home/yuan/gcc-arm-none-eabi-5_4-2016q3/bin/../lib/gcc/arm-none-eabi/5.4.1/../../../../arm-none-eabi/lib/armv6-m/libc_nano.a(lib_a-readr.o)
                0x08002e3c                _read_r
 .text._close   0x08002e64       0x10 /home/yuan/gcc-arm-none-eabi-5_4-2016q3/bin/../lib/gcc/arm-none-eabi/5.4.1/../../../../arm-none-eabi/lib/armv6-m/libnosys.a(close.o)
                0x08002e64                _close
 .text._fstat   0x08002e74       0x10 /home/yuan/gcc-arm-none-eabi-5_4-2016q3/bin/../lib/gcc/arm-none-eabi/5.4.1/../../../../arm-none-eabi/lib/armv6-m/libnosys.a(fstat.o)
                0x08002e74                _fstat
 .text._isatty  0x08002e84       0x10 /home/yuan/gcc-arm-none-eabi-5_4-2016q3/bin/../lib/gcc/arm-none-eabi/5.4.1/../../../../arm-none-eabi/lib/armv6-m/libnosys.a(isatty.o)
                0x08002e84                _isatty
 .text._lseek   0x08002e94       0x10 /home/yuan/gcc-arm-none-eabi-5_4-2016q3/bin/../lib/gcc/arm-none-eabi/5.4.1/../../../../arm-none-eabi/lib/armv6-m/libnosys.a(lseek.o)
                0x08002e94                _lseek
 .text._read    0x08002ea4       0x10 /home/yuan/gcc-arm-none-eabi-5_4-2016q3/bin/../lib/gcc/arm-none-eabi/5.4.1/../../../../arm-none-eabi/lib/armv6-m/libnosys.a(read.o)
                0x08002ea4                _read
 .text._sbrk    0x08002eb4       0x1c /home/yuan/gcc-arm-none-eabi-5_4-2016q3/bin/../lib/gcc/arm-none-eabi/5.4.1/../../../../arm-none-eabi/lib/armv6-m/libnosys.a(sbrk.o)
                0x08002eb4                _sbrk
 *(.glue_7)
 .glue_7        0x08002ed0        0x0 linker stubs
 *(.glue_7t)
 .glue_7t       0x08002ed0        0x0 linker stubs
 *(.eh_frame)
 .eh_frame      0x08002ed0        0x0 /home/yuan/gcc-arm-none-eabi-5_4-2016q3/bin/../lib/gcc/arm-none-eabi/5.4.1/armv6-m/crtbegin.o
 *(.init)
 .init          0x08002ed0        0x4 /home/yuan/gcc-arm-none-eabi-5_4-2016q3/bin/../lib/gcc/arm-none-eabi/5.4.1/armv6-m/crti.o
                0x08002ed0                _init
 .init          0x08002ed4        0x8 /home/yuan/gcc-arm-none-eabi-5_4-2016q3/bin/../lib/gcc/arm-none-eabi/5.4.1/armv6-m/crtn.o
 *(.fini)
 .fini          0x08002edc        0x4 /home/yuan/gcc-arm-none-eabi-5_4-2016q3/bin/../lib/gcc/arm-none-eabi/5.4.1/armv6-m/crti.o
                0x08002edc                _fini
 .fini          0x08002ee0        0x8 /home/yuan/gcc-arm-none-eabi-5_4-2016q3/bin/../lib/gcc/arm-none-eabi/5.4.1/armv6-m/crtn.o
                0x08002ee8                . = ALIGN (0x4)
                0x08002ee8                _etext = .

.vfp11_veneer   0x08002ee8        0x0
 .vfp11_veneer  0x08002ee8        0x0 linker stubs

.v4_bx          0x08002ee8        0x0
 .v4_bx         0x08002ee8        0x0 linker stubs

.iplt           0x08002ee8        0x0
 .iplt          0x08002ee8        0x0 /home/yuan/gcc-arm-none-eabi-5_4-2016q3/bin/../lib/gcc/arm-none-eabi/5.4.1/armv6-m/crtbegin.o

.rodata         0x08002ee8      0x4c4
                0x08002ee8                . = ALIGN (0x4)
 *(.rodata)
 .rodata        0x08002ee8       0x20 build/stm32f0xx_hal_rcc.o
 *(.rodata*)
 .rodata.str1.4
                0x08002f08        0x0 build/main.o
                                  0xb (size before relaxing)
 .rodata.str1.4
                0x08002f08       0x97 build/board.o
 *fill*         0x08002f9f        0x1 
 .rodata.str1.4
                0x08002fa0       0x18 build/gpio_uart.o
                                 0x17 (size before relaxing)
 .rodata.support_char_num
                0x08002fb8        0x4 build/ssd1306_fonts.o
                0x08002fb8                support_char_num
 .rodata.support_char_arr
                0x08002fbc       0x54 build/ssd1306_fonts.o
                0x08002fbc                support_char_arr
 .rodata.Font11x18_SUPPORT
                0x08003010      0x2f4 build/ssd1306_fonts.o
 .rodata.AHBPrescTable
                0x08003304       0x10 build/system_stm32f0xx.o
                0x08003304                AHBPrescTable
 .rodata._global_impure_ptr
                0x08003314        0x4 /home/yuan/gcc-arm-none-eabi-5_4-2016q3/bin/../lib/gcc/arm-none-eabi/5.4.1/../../../../arm-none-eabi/lib/armv6-m/libc_nano.a(lib_a-impure.o)
                0x08003314                _global_impure_ptr
 .rodata.__sf_fake_stdin
                0x08003318       0x20 /home/yuan/gcc-arm-none-eabi-5_4-2016q3/bin/../lib/gcc/arm-none-eabi/5.4.1/../../../../arm-none-eabi/lib/armv6-m/libc_nano.a(lib_a-findfp.o)
                0x08003318                __sf_fake_stdin
 .rodata.__sf_fake_stdout
                0x08003338       0x20 /home/yuan/gcc-arm-none-eabi-5_4-2016q3/bin/../lib/gcc/arm-none-eabi/5.4.1/../../../../arm-none-eabi/lib/armv6-m/libc_nano.a(lib_a-findfp.o)
                0x08003338                __sf_fake_stdout
 .rodata.__sf_fake_stderr
                0x08003358       0x20 /home/yuan/gcc-arm-none-eabi-5_4-2016q3/bin/../lib/gcc/arm-none-eabi/5.4.1/../../../../arm-none-eabi/lib/armv6-m/libc_nano.a(lib_a-findfp.o)
                0x08003358                __sf_fake_stderr
 .rodata.str1.1
                0x08003378       0x11 /home/yuan/gcc-arm-none-eabi-5_4-2016q3/bin/../lib/gcc/arm-none-eabi/5.4.1/../../../../arm-none-eabi/lib/armv6-m/libc_nano.a(lib_a-nano-vfprintf.o)
 .rodata.str1.1
                0x08003389       0x22 /home/yuan/gcc-arm-none-eabi-5_4-2016q3/bin/../lib/gcc/arm-none-eabi/5.4.1/../../../../arm-none-eabi/lib/armv6-m/libc_nano.a(lib_a-nano-vfprintf_i.o)
                0x080033ac                . = ALIGN (0x4)
 *fill*         0x080033ab        0x1 

.rel.dyn        0x080033ac        0x0
 .rel.iplt      0x080033ac        0x0 /home/yuan/gcc-arm-none-eabi-5_4-2016q3/bin/../lib/gcc/arm-none-eabi/5.4.1/armv6-m/crtbegin.o

.ARM.extab
 *(.ARM.extab* .gnu.linkonce.armextab.*)

.ARM            0x080033ac        0x0
                0x080033ac                __exidx_start = .
 *(.ARM.exidx*)
                0x080033ac                __exidx_end = .

.preinit_array  0x080033ac        0x0
                0x080033ac                PROVIDE (__preinit_array_start, .)
 *(.preinit_array*)
                0x080033ac                PROVIDE (__preinit_array_end, .)

.init_array     0x080033ac        0x4
                0x080033ac                PROVIDE (__init_array_start, .)
 *(SORT(.init_array.*))
 *(.init_array*)
 .init_array    0x080033ac        0x4 /home/yuan/gcc-arm-none-eabi-5_4-2016q3/bin/../lib/gcc/arm-none-eabi/5.4.1/armv6-m/crtbegin.o
                0x080033b0                PROVIDE (__init_array_end, .)

.fini_array     0x080033b0        0x4
                [!provide]                PROVIDE (__fini_array_start, .)
 *(SORT(.fini_array.*))
 *(.fini_array*)
 .fini_array    0x080033b0        0x4 /home/yuan/gcc-arm-none-eabi-5_4-2016q3/bin/../lib/gcc/arm-none-eabi/5.4.1/armv6-m/crtbegin.o
                [!provide]                PROVIDE (__fini_array_end, .)
                0x080033b4                _sidata = LOADADDR (.data)

.data           0x20000000       0x9c load address 0x080033b4
                0x20000000                . = ALIGN (0x4)
                0x20000000                _sdata = .
 *(.data)
 *(.data*)
 .data.line_2_str
                0x20000000        0xa build/board.o
 *fill*         0x2000000a        0x2 
 .data.line_3_str
                0x2000000c        0xa build/board.o
 *fill*         0x20000016        0x2 
 .data.line_1_str
                0x20000018        0xa build/board.o
 *fill*         0x20000022        0x2 
 .data.Font_11x18_SUPPORT
                0x20000024        0x8 build/ssd1306_fonts.o
                0x20000024                Font_11x18_SUPPORT
 .data.uwTickPrio
                0x2000002c        0x4 build/stm32f0xx_hal.o
                0x2000002c                uwTickPrio
 .data.uwTickFreq
                0x20000030        0x1 build/stm32f0xx_hal.o
                0x20000030                uwTickFreq
 *fill*         0x20000031        0x3 
 .data.SystemCoreClock
                0x20000034        0x4 build/system_stm32f0xx.o
                0x20000034                SystemCoreClock
 .data.impure_data
                0x20000038       0x60 /home/yuan/gcc-arm-none-eabi-5_4-2016q3/bin/../lib/gcc/arm-none-eabi/5.4.1/../../../../arm-none-eabi/lib/armv6-m/libc_nano.a(lib_a-impure.o)
 .data._impure_ptr
                0x20000098        0x4 /home/yuan/gcc-arm-none-eabi-5_4-2016q3/bin/../lib/gcc/arm-none-eabi/5.4.1/../../../../arm-none-eabi/lib/armv6-m/libc_nano.a(lib_a-impure.o)
                0x20000098                _impure_ptr
                0x2000009c                . = ALIGN (0x4)
                0x2000009c                _edata = .

.jcr            0x2000009c        0x0 load address 0x08003450
 .jcr           0x2000009c        0x0 /home/yuan/gcc-arm-none-eabi-5_4-2016q3/bin/../lib/gcc/arm-none-eabi/5.4.1/armv6-m/crtbegin.o

.igot.plt       0x2000009c        0x0 load address 0x08003450
 .igot.plt      0x2000009c        0x0 /home/yuan/gcc-arm-none-eabi-5_4-2016q3/bin/../lib/gcc/arm-none-eabi/5.4.1/armv6-m/crtbegin.o
                0x2000009c                . = ALIGN (0x4)

.bss            0x2000009c      0x484 load address 0x08003450
                0x2000009c                _sbss = .
                0x2000009c                __bss_start__ = _sbss
 *(.bss)
 .bss           0x2000009c       0x1c /home/yuan/gcc-arm-none-eabi-5_4-2016q3/bin/../lib/gcc/arm-none-eabi/5.4.1/armv6-m/crtbegin.o
 *(.bss*)
 .bss.SSD1306_Buffer
                0x200000b8      0x400 build/ssd1306.o
 .bss.SSD1306   0x200004b8        0x6 build/ssd1306.o
 *fill*         0x200004be        0x2 
 .bss.__malloc_sbrk_start
                0x200004c0        0x4 /home/yuan/gcc-arm-none-eabi-5_4-2016q3/bin/../lib/gcc/arm-none-eabi/5.4.1/../../../../arm-none-eabi/lib/armv6-m/libc_nano.a(lib_a-nano-mallocr.o)
                0x200004c0                __malloc_sbrk_start
 .bss.__malloc_free_list
                0x200004c4        0x4 /home/yuan/gcc-arm-none-eabi-5_4-2016q3/bin/../lib/gcc/arm-none-eabi/5.4.1/../../../../arm-none-eabi/lib/armv6-m/libc_nano.a(lib_a-nano-mallocr.o)
                0x200004c4                __malloc_free_list
 .bss.heap_end.4167
                0x200004c8        0x4 /home/yuan/gcc-arm-none-eabi-5_4-2016q3/bin/../lib/gcc/arm-none-eabi/5.4.1/../../../../arm-none-eabi/lib/armv6-m/libnosys.a(sbrk.o)
 *(COMMON)
 COMMON         0x200004cc       0x4c build/main.o
                0x200004cc                hi2c1
 COMMON         0x20000518        0x4 build/stm32f0xx_hal.o
                0x20000518                uwTick
 COMMON         0x2000051c        0x4 /home/yuan/gcc-arm-none-eabi-5_4-2016q3/bin/../lib/gcc/arm-none-eabi/5.4.1/../../../../arm-none-eabi/lib/armv6-m/libc_nano.a(lib_a-reent.o)
                0x2000051c                errno
                0x20000520                . = ALIGN (0x4)
                0x20000520                _ebss = .
                0x20000520                __bss_end__ = _ebss

._user_heap_stack
                0x20000520      0x600 load address 0x08003450
                0x20000520                . = ALIGN (0x8)
                0x20000520                PROVIDE (end, .)
                [!provide]                PROVIDE (_end, .)
                0x20000720                . = (. + _Min_Heap_Size)
 *fill*         0x20000520      0x200 
                0x20000b20                . = (. + _Min_Stack_Size)
 *fill*         0x20000720      0x400 
                0x20000b20                . = ALIGN (0x8)

/DISCARD/
 libc.a(*)
 libm.a(*)
 libgcc.a(*)

.ARM.attributes
                0x00000000       0x28
 *(.ARM.attributes)
 .ARM.attributes
                0x00000000       0x1e /home/yuan/gcc-arm-none-eabi-5_4-2016q3/bin/../lib/gcc/arm-none-eabi/5.4.1/armv6-m/crti.o
 .ARM.attributes
                0x0000001e       0x2c /home/yuan/gcc-arm-none-eabi-5_4-2016q3/bin/../lib/gcc/arm-none-eabi/5.4.1/armv6-m/crtbegin.o
 .ARM.attributes
                0x0000004a       0x31 build/main.o
 .ARM.attributes
                0x0000007b       0x31 build/board.o
 .ARM.attributes
                0x000000ac       0x31 build/gpio_uart.o
 .ARM.attributes
                0x000000dd       0x31 build/stm32f0xx_it.o
 .ARM.attributes
                0x0000010e       0x31 build/stm32f0xx_hal_msp.o
 .ARM.attributes
                0x0000013f       0x31 build/light_rcc_init.o
 .ARM.attributes
                0x00000170       0x31 build/ssd1306_fonts.o
 .ARM.attributes
                0x000001a1       0x31 build/ssd1306.o
 .ARM.attributes
                0x000001d2       0x31 build/ina3221.o
 .ARM.attributes
                0x00000203       0x31 build/stm32f0xx_hal_rcc.o
 .ARM.attributes
                0x00000234       0x31 build/stm32f0xx_hal.o
 .ARM.attributes
                0x00000265       0x31 build/stm32f0xx_hal_i2c.o
 .ARM.attributes
                0x00000296       0x31 build/stm32f0xx_hal_i2c_ex.o
 .ARM.attributes
                0x000002c7       0x31 build/stm32f0xx_hal_gpio.o
 .ARM.attributes
                0x000002f8       0x31 build/stm32f0xx_hal_cortex.o
 .ARM.attributes
                0x00000329       0x31 build/system_stm32f0xx.o
 .ARM.attributes
                0x0000035a       0x21 build/startup_stm32f030x6.o
 .ARM.attributes
                0x0000037b       0x2c /home/yuan/gcc-arm-none-eabi-5_4-2016q3/bin/../lib/gcc/arm-none-eabi/5.4.1/../../../../arm-none-eabi/lib/armv6-m/libc_nano.a(lib_a-impure.o)
 .ARM.attributes
                0x000003a7       0x2c /home/yuan/gcc-arm-none-eabi-5_4-2016q3/bin/../lib/gcc/arm-none-eabi/5.4.1/../../../../arm-none-eabi/lib/armv6-m/libc_nano.a(lib_a-init.o)
 .ARM.attributes
                0x000003d3       0x2c /home/yuan/gcc-arm-none-eabi-5_4-2016q3/bin/../lib/gcc/arm-none-eabi/5.4.1/../../../../arm-none-eabi/lib/armv6-m/libc_nano.a(lib_a-memcpy-stub.o)
 .ARM.attributes
                0x000003ff       0x2c /home/yuan/gcc-arm-none-eabi-5_4-2016q3/bin/../lib/gcc/arm-none-eabi/5.4.1/../../../../arm-none-eabi/lib/armv6-m/libc_nano.a(lib_a-memset.o)
 .ARM.attributes
                0x0000042b       0x2c /home/yuan/gcc-arm-none-eabi-5_4-2016q3/bin/../lib/gcc/arm-none-eabi/5.4.1/../../../../arm-none-eabi/lib/armv6-m/libc_nano.a(lib_a-printf.o)
 .ARM.attributes
                0x00000457       0x2c /home/yuan/gcc-arm-none-eabi-5_4-2016q3/bin/../lib/gcc/arm-none-eabi/5.4.1/../../../../arm-none-eabi/lib/armv6-m/libc_nano.a(lib_a-putchar.o)
 .ARM.attributes
                0x00000483       0x2c /home/yuan/gcc-arm-none-eabi-5_4-2016q3/bin/../lib/gcc/arm-none-eabi/5.4.1/../../../../arm-none-eabi/lib/armv6-m/libc_nano.a(lib_a-puts.o)
 .ARM.attributes
                0x000004af       0x2c /home/yuan/gcc-arm-none-eabi-5_4-2016q3/bin/../lib/gcc/arm-none-eabi/5.4.1/../../../../arm-none-eabi/lib/armv6-m/libc_nano.a(lib_a-wbuf.o)
 .ARM.attributes
                0x000004db       0x2c /home/yuan/gcc-arm-none-eabi-5_4-2016q3/bin/../lib/gcc/arm-none-eabi/5.4.1/../../../../arm-none-eabi/lib/armv6-m/libc_nano.a(lib_a-wsetup.o)
 .ARM.attributes
                0x00000507       0x2c /home/yuan/gcc-arm-none-eabi-5_4-2016q3/bin/../lib/gcc/arm-none-eabi/5.4.1/../../../../arm-none-eabi/lib/armv6-m/libc_nano.a(lib_a-fflush.o)
 .ARM.attributes
                0x00000533       0x2c /home/yuan/gcc-arm-none-eabi-5_4-2016q3/bin/../lib/gcc/arm-none-eabi/5.4.1/../../../../arm-none-eabi/lib/armv6-m/libc_nano.a(lib_a-findfp.o)
 .ARM.attributes
                0x0000055f       0x2c /home/yuan/gcc-arm-none-eabi-5_4-2016q3/bin/../lib/gcc/arm-none-eabi/5.4.1/../../../../arm-none-eabi/lib/armv6-m/libc_nano.a(lib_a-fwalk.o)
 .ARM.attributes
                0x0000058b       0x2c /home/yuan/gcc-arm-none-eabi-5_4-2016q3/bin/../lib/gcc/arm-none-eabi/5.4.1/../../../../arm-none-eabi/lib/armv6-m/libc_nano.a(lib_a-makebuf.o)
 .ARM.attributes
                0x000005b7       0x2c /home/yuan/gcc-arm-none-eabi-5_4-2016q3/bin/../lib/gcc/arm-none-eabi/5.4.1/../../../../arm-none-eabi/lib/armv6-m/libc_nano.a(lib_a-nano-freer.o)
 .ARM.attributes
                0x000005e3       0x2c /home/yuan/gcc-arm-none-eabi-5_4-2016q3/bin/../lib/gcc/arm-none-eabi/5.4.1/../../../../arm-none-eabi/lib/armv6-m/libc_nano.a(lib_a-nano-mallocr.o)
 .ARM.attributes
                0x0000060f       0x2c /home/yuan/gcc-arm-none-eabi-5_4-2016q3/bin/../lib/gcc/arm-none-eabi/5.4.1/../../../../arm-none-eabi/lib/armv6-m/libc_nano.a(lib_a-nano-vfprintf.o)
 .ARM.attributes
                0x0000063b       0x2c /home/yuan/gcc-arm-none-eabi-5_4-2016q3/bin/../lib/gcc/arm-none-eabi/5.4.1/../../../../arm-none-eabi/lib/armv6-m/libc_nano.a(lib_a-nano-vfprintf_i.o)
 .ARM.attributes
                0x00000667       0x2c /home/yuan/gcc-arm-none-eabi-5_4-2016q3/bin/../lib/gcc/arm-none-eabi/5.4.1/../../../../arm-none-eabi/lib/armv6-m/libc_nano.a(lib_a-putc.o)
 .ARM.attributes
                0x00000693       0x2c /home/yuan/gcc-arm-none-eabi-5_4-2016q3/bin/../lib/gcc/arm-none-eabi/5.4.1/../../../../arm-none-eabi/lib/armv6-m/libc_nano.a(lib_a-sbrkr.o)
 .ARM.attributes
                0x000006bf       0x2c /home/yuan/gcc-arm-none-eabi-5_4-2016q3/bin/../lib/gcc/arm-none-eabi/5.4.1/../../../../arm-none-eabi/lib/armv6-m/libc_nano.a(lib_a-stdio.o)
 .ARM.attributes
                0x000006eb       0x2c /home/yuan/gcc-arm-none-eabi-5_4-2016q3/bin/../lib/gcc/arm-none-eabi/5.4.1/../../../../arm-none-eabi/lib/armv6-m/libc_nano.a(lib_a-writer.o)
 .ARM.attributes
                0x00000717       0x2c /home/yuan/gcc-arm-none-eabi-5_4-2016q3/bin/../lib/gcc/arm-none-eabi/5.4.1/../../../../arm-none-eabi/lib/armv6-m/libc_nano.a(lib_a-closer.o)
 .ARM.attributes
                0x00000743       0x2c /home/yuan/gcc-arm-none-eabi-5_4-2016q3/bin/../lib/gcc/arm-none-eabi/5.4.1/../../../../arm-none-eabi/lib/armv6-m/libc_nano.a(lib_a-fstatr.o)
 .ARM.attributes
                0x0000076f       0x2c /home/yuan/gcc-arm-none-eabi-5_4-2016q3/bin/../lib/gcc/arm-none-eabi/5.4.1/../../../../arm-none-eabi/lib/armv6-m/libc_nano.a(lib_a-isattyr.o)
 .ARM.attributes
                0x0000079b       0x2c /home/yuan/gcc-arm-none-eabi-5_4-2016q3/bin/../lib/gcc/arm-none-eabi/5.4.1/../../../../arm-none-eabi/lib/armv6-m/libc_nano.a(lib_a-lseekr.o)
 .ARM.attributes
                0x000007c7       0x2c /home/yuan/gcc-arm-none-eabi-5_4-2016q3/bin/../lib/gcc/arm-none-eabi/5.4.1/../../../../arm-none-eabi/lib/armv6-m/libc_nano.a(lib_a-memchr-stub.o)
 .ARM.attributes
                0x000007f3       0x2c /home/yuan/gcc-arm-none-eabi-5_4-2016q3/bin/../lib/gcc/arm-none-eabi/5.4.1/../../../../arm-none-eabi/lib/armv6-m/libc_nano.a(lib_a-mlock.o)
 .ARM.attributes
                0x0000081f       0x2c /home/yuan/gcc-arm-none-eabi-5_4-2016q3/bin/../lib/gcc/arm-none-eabi/5.4.1/../../../../arm-none-eabi/lib/armv6-m/libc_nano.a(lib_a-readr.o)
 .ARM.attributes
                0x0000084b       0x2c /home/yuan/gcc-arm-none-eabi-5_4-2016q3/bin/../lib/gcc/arm-none-eabi/5.4.1/../../../../arm-none-eabi/lib/armv6-m/libc_nano.a(lib_a-reent.o)
 .ARM.attributes
                0x00000877       0x2c /home/yuan/gcc-arm-none-eabi-5_4-2016q3/bin/../lib/gcc/arm-none-eabi/5.4.1/../../../../arm-none-eabi/lib/armv6-m/libnosys.a(close.o)
 .ARM.attributes
                0x000008a3       0x2c /home/yuan/gcc-arm-none-eabi-5_4-2016q3/bin/../lib/gcc/arm-none-eabi/5.4.1/../../../../arm-none-eabi/lib/armv6-m/libnosys.a(fstat.o)
 .ARM.attributes
                0x000008cf       0x2c /home/yuan/gcc-arm-none-eabi-5_4-2016q3/bin/../lib/gcc/arm-none-eabi/5.4.1/../../../../arm-none-eabi/lib/armv6-m/libnosys.a(isatty.o)
 .ARM.attributes
                0x000008fb       0x2c /home/yuan/gcc-arm-none-eabi-5_4-2016q3/bin/../lib/gcc/arm-none-eabi/5.4.1/../../../../arm-none-eabi/lib/armv6-m/libnosys.a(lseek.o)
 .ARM.attributes
                0x00000927       0x2c /home/yuan/gcc-arm-none-eabi-5_4-2016q3/bin/../lib/gcc/arm-none-eabi/5.4.1/../../../../arm-none-eabi/lib/armv6-m/libnosys.a(read.o)
 .ARM.attributes
                0x00000953       0x2c /home/yuan/gcc-arm-none-eabi-5_4-2016q3/bin/../lib/gcc/arm-none-eabi/5.4.1/../../../../arm-none-eabi/lib/armv6-m/libnosys.a(sbrk.o)
 .ARM.attributes
                0x0000097f       0x1e /home/yuan/gcc-arm-none-eabi-5_4-2016q3/bin/../lib/gcc/arm-none-eabi/5.4.1/armv6-m/libgcc.a(_udivsi3.o)
 .ARM.attributes
                0x0000099d       0x1e /home/yuan/gcc-arm-none-eabi-5_4-2016q3/bin/../lib/gcc/arm-none-eabi/5.4.1/armv6-m/libgcc.a(_divsi3.o)
 .ARM.attributes
                0x000009bb       0x1e /home/yuan/gcc-arm-none-eabi-5_4-2016q3/bin/../lib/gcc/arm-none-eabi/5.4.1/armv6-m/libgcc.a(_dvmd_tls.o)
 .ARM.attributes
                0x000009d9       0x1e /home/yuan/gcc-arm-none-eabi-5_4-2016q3/bin/../lib/gcc/arm-none-eabi/5.4.1/armv6-m/crtn.o
OUTPUT(build/USB_Type-C_Power_Meter.elf elf32-littlearm)

.debug_info     0x00000000     0xbd1c
 .debug_info    0x00000000      0xf19 build/main.o
 .debug_info    0x00000f19      0xbed build/board.o
 .debug_info    0x00001b06      0x385 build/gpio_uart.o
 .debug_info    0x00001e8b      0x106 build/stm32f0xx_it.o
 .debug_info    0x00001f91     0x110d build/stm32f0xx_hal_msp.o
 .debug_info    0x0000309e      0x3f0 build/light_rcc_init.o
 .debug_info    0x0000348e      0x1eb build/ssd1306_fonts.o
 .debug_info    0x00003679     0x16b0 build/ssd1306.o
 .debug_info    0x00004d29      0x986 build/ina3221.o
 .debug_info    0x000056af      0xa9d build/stm32f0xx_hal_rcc.o
 .debug_info    0x0000614c      0x725 build/stm32f0xx_hal.o
 .debug_info    0x00006871     0x3b76 build/stm32f0xx_hal_i2c.o
 .debug_info    0x0000a3e7      0x87b build/stm32f0xx_hal_i2c_ex.o
 .debug_info    0x0000ac62      0x62f build/stm32f0xx_hal_gpio.o
 .debug_info    0x0000b291      0x7ba build/stm32f0xx_hal_cortex.o
 .debug_info    0x0000ba4b      0x267 build/system_stm32f0xx.o
 .debug_info    0x0000bcb2       0x6a build/startup_stm32f030x6.o

.debug_abbrev   0x00000000     0x1e94
 .debug_abbrev  0x00000000      0x26f build/main.o
 .debug_abbrev  0x0000026f      0x291 build/board.o
 .debug_abbrev  0x00000500      0x169 build/gpio_uart.o
 .debug_abbrev  0x00000669       0x96 build/stm32f0xx_it.o
 .debug_abbrev  0x000006ff      0x197 build/stm32f0xx_hal_msp.o
 .debug_abbrev  0x00000896      0x1a4 build/light_rcc_init.o
 .debug_abbrev  0x00000a3a       0xb4 build/ssd1306_fonts.o
 .debug_abbrev  0x00000aee      0x3b2 build/ssd1306.o
 .debug_abbrev  0x00000ea0      0x1e6 build/ina3221.o
 .debug_abbrev  0x00001086      0x270 build/stm32f0xx_hal_rcc.o
 .debug_abbrev  0x000012f6      0x213 build/stm32f0xx_hal.o
 .debug_abbrev  0x00001509      0x27d build/stm32f0xx_hal_i2c.o
 .debug_abbrev  0x00001786      0x1a9 build/stm32f0xx_hal_i2c_ex.o
 .debug_abbrev  0x0000192f      0x20f build/stm32f0xx_hal_gpio.o
 .debug_abbrev  0x00001b3e      0x252 build/stm32f0xx_hal_cortex.o
 .debug_abbrev  0x00001d90       0xf2 build/system_stm32f0xx.o
 .debug_abbrev  0x00001e82       0x12 build/startup_stm32f030x6.o

.debug_loc      0x00000000     0x6f16
 .debug_loc     0x00000000      0x129 build/main.o
 .debug_loc     0x00000129      0x320 build/board.o
 .debug_loc     0x00000449      0x130 build/gpio_uart.o
 .debug_loc     0x00000579       0x20 build/stm32f0xx_it.o
 .debug_loc     0x00000599      0x1eb build/stm32f0xx_hal_msp.o
 .debug_loc     0x00000784       0x9e build/light_rcc_init.o
 .debug_loc     0x00000822      0xed0 build/ssd1306.o
 .debug_loc     0x000016f2      0x2c5 build/ina3221.o
 .debug_loc     0x000019b7      0x698 build/stm32f0xx_hal_rcc.o
 .debug_loc     0x0000204f      0x1bb build/stm32f0xx_hal.o
 .debug_loc     0x0000220a     0x42bf build/stm32f0xx_hal_i2c.o
 .debug_loc     0x000064c9      0x21f build/stm32f0xx_hal_i2c_ex.o
 .debug_loc     0x000066e8      0x311 build/stm32f0xx_hal_gpio.o
 .debug_loc     0x000069f9      0x3ff build/stm32f0xx_hal_cortex.o
 .debug_loc     0x00006df8      0x11e build/system_stm32f0xx.o

.debug_aranges  0x00000000      0x7f8
 .debug_aranges
                0x00000000       0x40 build/main.o
 .debug_aranges
                0x00000040       0x50 build/board.o
 .debug_aranges
                0x00000090       0x40 build/gpio_uart.o
 .debug_aranges
                0x000000d0       0x40 build/stm32f0xx_it.o
 .debug_aranges
                0x00000110       0x50 build/stm32f0xx_hal_msp.o
 .debug_aranges
                0x00000160       0x20 build/light_rcc_init.o
 .debug_aranges
                0x00000180       0x18 build/ssd1306_fonts.o
 .debug_aranges
                0x00000198       0xd8 build/ssd1306.o
 .debug_aranges
                0x00000270       0x50 build/ina3221.o
 .debug_aranges
                0x000002c0       0x80 build/stm32f0xx_hal_rcc.o
 .debug_aranges
                0x00000340       0xd0 build/stm32f0xx_hal.o
 .debug_aranges
                0x00000410      0x290 build/stm32f0xx_hal_i2c.o
 .debug_aranges
                0x000006a0       0x38 build/stm32f0xx_hal_i2c_ex.o
 .debug_aranges
                0x000006d8       0x58 build/stm32f0xx_hal_gpio.o
 .debug_aranges
                0x00000730       0x78 build/stm32f0xx_hal_cortex.o
 .debug_aranges
                0x000007a8       0x28 build/system_stm32f0xx.o
 .debug_aranges
                0x000007d0       0x28 build/startup_stm32f030x6.o

.debug_ranges   0x00000000      0x768
 .debug_ranges  0x00000000       0x30 build/main.o
 .debug_ranges  0x00000030       0x90 build/board.o
 .debug_ranges  0x000000c0       0x30 build/gpio_uart.o
 .debug_ranges  0x000000f0       0x30 build/stm32f0xx_it.o
 .debug_ranges  0x00000120       0x40 build/stm32f0xx_hal_msp.o
 .debug_ranges  0x00000160       0x10 build/light_rcc_init.o
 .debug_ranges  0x00000170       0xe0 build/ssd1306.o
 .debug_ranges  0x00000250       0x40 build/ina3221.o
 .debug_ranges  0x00000290       0x88 build/stm32f0xx_hal_rcc.o
 .debug_ranges  0x00000318       0xc0 build/stm32f0xx_hal.o
 .debug_ranges  0x000003d8      0x280 build/stm32f0xx_hal_i2c.o
 .debug_ranges  0x00000658       0x28 build/stm32f0xx_hal_i2c_ex.o
 .debug_ranges  0x00000680       0x48 build/stm32f0xx_hal_gpio.o
 .debug_ranges  0x000006c8       0x68 build/stm32f0xx_hal_cortex.o
 .debug_ranges  0x00000730       0x18 build/system_stm32f0xx.o
 .debug_ranges  0x00000748       0x20 build/startup_stm32f030x6.o

.debug_line     0x00000000     0x3d8f
 .debug_line    0x00000000      0x31c build/main.o
 .debug_line    0x0000031c      0x392 build/board.o
 .debug_line    0x000006ae      0x203 build/gpio_uart.o
 .debug_line    0x000008b1       0xc0 build/stm32f0xx_it.o
 .debug_line    0x00000971      0x278 build/stm32f0xx_hal_msp.o
 .debug_line    0x00000be9      0x1e2 build/light_rcc_init.o
 .debug_line    0x00000dcb      0x100 build/ssd1306_fonts.o
 .debug_line    0x00000ecb      0x56e build/ssd1306.o
 .debug_line    0x00001439      0x23b build/ina3221.o
 .debug_line    0x00001674      0x4a2 build/stm32f0xx_hal_rcc.o
 .debug_line    0x00001b16      0x391 build/stm32f0xx_hal.o
 .debug_line    0x00001ea7     0x152d build/stm32f0xx_hal_i2c.o
 .debug_line    0x000033d4      0x262 build/stm32f0xx_hal_i2c_ex.o
 .debug_line    0x00003636      0x2bc build/stm32f0xx_hal_gpio.o
 .debug_line    0x000038f2      0x2d2 build/stm32f0xx_hal_cortex.o
 .debug_line    0x00003bc4      0x154 build/system_stm32f0xx.o
 .debug_line    0x00003d18       0x77 build/startup_stm32f030x6.o

.debug_str      0x00000000     0x2757
 .debug_str     0x00000000      0x992 build/main.o
                                0xaa8 (size before relaxing)
 .debug_str     0x00000992      0x17b build/board.o
                                0x84b (size before relaxing)
 .debug_str     0x00000b0d       0x45 build/gpio_uart.o
                                0x283 (size before relaxing)
 .debug_str     0x00000b52       0x6d build/stm32f0xx_it.o
                                0x1cc (size before relaxing)
 .debug_str     0x00000bbf      0x409 build/stm32f0xx_hal_msp.o
                                0xb48 (size before relaxing)
 .debug_str     0x00000fc8       0xea build/light_rcc_init.o
                                0x301 (size before relaxing)
 .debug_str     0x000010b2       0xdd build/ssd1306_fonts.o
                                0x28b (size before relaxing)
 .debug_str     0x0000118f      0x325 build/ssd1306.o
                                0xabb (size before relaxing)
 .debug_str     0x000014b4       0xc8 build/ina3221.o
                                0x770 (size before relaxing)
 .debug_str     0x0000157c      0x1bd build/stm32f0xx_hal_rcc.o
                                0x64b (size before relaxing)
 .debug_str     0x00001739      0x3b2 build/stm32f0xx_hal.o
                                0x654 (size before relaxing)
 .debug_str     0x00001aeb      0x845 build/stm32f0xx_hal_i2c.o
                                0xf6c (size before relaxing)
 .debug_str     0x00002330       0x9c build/stm32f0xx_hal_i2c_ex.o
                                0x7a3 (size before relaxing)
 .debug_str     0x000023cc       0xe4 build/stm32f0xx_hal_gpio.o
                                0x3f1 (size before relaxing)
 .debug_str     0x000024b0      0x24b build/stm32f0xx_hal_cortex.o
                                0x5ad (size before relaxing)
 .debug_str     0x000026fb       0x5c build/system_stm32f0xx.o
                                0x260 (size before relaxing)

.comment        0x00000000       0x6e
 .comment       0x00000000       0x6e build/main.o
                                 0x6f (size before relaxing)
 .comment       0x0000006e       0x6f build/board.o
 .comment       0x0000006e       0x6f build/gpio_uart.o
 .comment       0x0000006e       0x6f build/stm32f0xx_it.o
 .comment       0x0000006e       0x6f build/stm32f0xx_hal_msp.o
 .comment       0x0000006e       0x6f build/light_rcc_init.o
 .comment       0x0000006e       0x6f build/ssd1306_fonts.o
 .comment       0x0000006e       0x6f build/ssd1306.o
 .comment       0x0000006e       0x6f build/ina3221.o
 .comment       0x0000006e       0x6f build/stm32f0xx_hal_rcc.o
 .comment       0x0000006e       0x6f build/stm32f0xx_hal.o
 .comment       0x0000006e       0x6f build/stm32f0xx_hal_i2c.o
 .comment       0x0000006e       0x6f build/stm32f0xx_hal_i2c_ex.o
 .comment       0x0000006e       0x6f build/stm32f0xx_hal_gpio.o
 .comment       0x0000006e       0x6f build/stm32f0xx_hal_cortex.o
 .comment       0x0000006e       0x6f build/system_stm32f0xx.o

.debug_frame    0x00000000     0x1f80
 .debug_frame   0x00000000       0xac build/main.o
 .debug_frame   0x000000ac       0xdc build/board.o
 .debug_frame   0x00000188       0x98 build/gpio_uart.o
 .debug_frame   0x00000220       0x6c build/stm32f0xx_it.o
 .debug_frame   0x0000028c       0xcc build/stm32f0xx_hal_msp.o
 .debug_frame   0x00000358       0x2c build/light_rcc_init.o
 .debug_frame   0x00000384      0x2e8 build/ssd1306.o
 .debug_frame   0x0000066c       0xdc build/ina3221.o
 .debug_frame   0x00000748      0x158 build/stm32f0xx_hal_rcc.o
 .debug_frame   0x000008a0      0x1c0 build/stm32f0xx_hal.o
 .debug_frame   0x00000a60      0x994 build/stm32f0xx_hal_i2c.o
 .debug_frame   0x000013f4       0x90 build/stm32f0xx_hal_i2c_ex.o
 .debug_frame   0x00001484       0xd4 build/stm32f0xx_hal_gpio.o
 .debug_frame   0x00001558       0xec build/stm32f0xx_hal_cortex.o
 .debug_frame   0x00001644       0x3c build/system_stm32f0xx.o
 .debug_frame   0x00001680       0x2c /home/yuan/gcc-arm-none-eabi-5_4-2016q3/bin/../lib/gcc/arm-none-eabi/5.4.1/../../../../arm-none-eabi/lib/armv6-m/libc_nano.a(lib_a-init.o)
 .debug_frame   0x000016ac       0x28 /home/yuan/gcc-arm-none-eabi-5_4-2016q3/bin/../lib/gcc/arm-none-eabi/5.4.1/../../../../arm-none-eabi/lib/armv6-m/libc_nano.a(lib_a-memcpy-stub.o)
 .debug_frame   0x000016d4       0x20 /home/yuan/gcc-arm-none-eabi-5_4-2016q3/bin/../lib/gcc/arm-none-eabi/5.4.1/../../../../arm-none-eabi/lib/armv6-m/libc_nano.a(lib_a-memset.o)
 .debug_frame   0x000016f4       0x50 /home/yuan/gcc-arm-none-eabi-5_4-2016q3/bin/../lib/gcc/arm-none-eabi/5.4.1/../../../../arm-none-eabi/lib/armv6-m/libc_nano.a(lib_a-printf.o)
 .debug_frame   0x00001744       0x48 /home/yuan/gcc-arm-none-eabi-5_4-2016q3/bin/../lib/gcc/arm-none-eabi/5.4.1/../../../../arm-none-eabi/lib/armv6-m/libc_nano.a(lib_a-putchar.o)
 .debug_frame   0x0000178c       0x44 /home/yuan/gcc-arm-none-eabi-5_4-2016q3/bin/../lib/gcc/arm-none-eabi/5.4.1/../../../../arm-none-eabi/lib/armv6-m/libc_nano.a(lib_a-puts.o)
 .debug_frame   0x000017d0       0x48 /home/yuan/gcc-arm-none-eabi-5_4-2016q3/bin/../lib/gcc/arm-none-eabi/5.4.1/../../../../arm-none-eabi/lib/armv6-m/libc_nano.a(lib_a-wbuf.o)
 .debug_frame   0x00001818       0x2c /home/yuan/gcc-arm-none-eabi-5_4-2016q3/bin/../lib/gcc/arm-none-eabi/5.4.1/../../../../arm-none-eabi/lib/armv6-m/libc_nano.a(lib_a-wsetup.o)
 .debug_frame   0x00001844       0x68 /home/yuan/gcc-arm-none-eabi-5_4-2016q3/bin/../lib/gcc/arm-none-eabi/5.4.1/../../../../arm-none-eabi/lib/armv6-m/libc_nano.a(lib_a-fflush.o)
 .debug_frame   0x000018ac      0x140 /home/yuan/gcc-arm-none-eabi-5_4-2016q3/bin/../lib/gcc/arm-none-eabi/5.4.1/../../../../arm-none-eabi/lib/armv6-m/libc_nano.a(lib_a-findfp.o)
 .debug_frame   0x000019ec       0x58 /home/yuan/gcc-arm-none-eabi-5_4-2016q3/bin/../lib/gcc/arm-none-eabi/5.4.1/../../../../arm-none-eabi/lib/armv6-m/libc_nano.a(lib_a-fwalk.o)
 .debug_frame   0x00001a44       0x54 /home/yuan/gcc-arm-none-eabi-5_4-2016q3/bin/../lib/gcc/arm-none-eabi/5.4.1/../../../../arm-none-eabi/lib/armv6-m/libc_nano.a(lib_a-makebuf.o)
 .debug_frame   0x00001a98       0x2c /home/yuan/gcc-arm-none-eabi-5_4-2016q3/bin/../lib/gcc/arm-none-eabi/5.4.1/../../../../arm-none-eabi/lib/armv6-m/libc_nano.a(lib_a-nano-freer.o)
 .debug_frame   0x00001ac4       0x2c /home/yuan/gcc-arm-none-eabi-5_4-2016q3/bin/../lib/gcc/arm-none-eabi/5.4.1/../../../../arm-none-eabi/lib/armv6-m/libc_nano.a(lib_a-nano-mallocr.o)
 .debug_frame   0x00001af0       0x9c /home/yuan/gcc-arm-none-eabi-5_4-2016q3/bin/../lib/gcc/arm-none-eabi/5.4.1/../../../../arm-none-eabi/lib/armv6-m/libc_nano.a(lib_a-nano-vfprintf.o)
 .debug_frame   0x00001b8c       0x54 /home/yuan/gcc-arm-none-eabi-5_4-2016q3/bin/../lib/gcc/arm-none-eabi/5.4.1/../../../../arm-none-eabi/lib/armv6-m/libc_nano.a(lib_a-nano-vfprintf_i.o)
 .debug_frame   0x00001be0       0x44 /home/yuan/gcc-arm-none-eabi-5_4-2016q3/bin/../lib/gcc/arm-none-eabi/5.4.1/../../../../arm-none-eabi/lib/armv6-m/libc_nano.a(lib_a-putc.o)
 .debug_frame   0x00001c24       0x2c /home/yuan/gcc-arm-none-eabi-5_4-2016q3/bin/../lib/gcc/arm-none-eabi/5.4.1/../../../../arm-none-eabi/lib/armv6-m/libc_nano.a(lib_a-sbrkr.o)
 .debug_frame   0x00001c50       0x90 /home/yuan/gcc-arm-none-eabi-5_4-2016q3/bin/../lib/gcc/arm-none-eabi/5.4.1/../../../../arm-none-eabi/lib/armv6-m/libc_nano.a(lib_a-stdio.o)
 .debug_frame   0x00001ce0       0x2c /home/yuan/gcc-arm-none-eabi-5_4-2016q3/bin/../lib/gcc/arm-none-eabi/5.4.1/../../../../arm-none-eabi/lib/armv6-m/libc_nano.a(lib_a-writer.o)
 .debug_frame   0x00001d0c       0x2c /home/yuan/gcc-arm-none-eabi-5_4-2016q3/bin/../lib/gcc/arm-none-eabi/5.4.1/../../../../arm-none-eabi/lib/armv6-m/libc_nano.a(lib_a-closer.o)
 .debug_frame   0x00001d38       0x2c /home/yuan/gcc-arm-none-eabi-5_4-2016q3/bin/../lib/gcc/arm-none-eabi/5.4.1/../../../../arm-none-eabi/lib/armv6-m/libc_nano.a(lib_a-fstatr.o)
 .debug_frame   0x00001d64       0x2c /home/yuan/gcc-arm-none-eabi-5_4-2016q3/bin/../lib/gcc/arm-none-eabi/5.4.1/../../../../arm-none-eabi/lib/armv6-m/libc_nano.a(lib_a-isattyr.o)
 .debug_frame   0x00001d90       0x2c /home/yuan/gcc-arm-none-eabi-5_4-2016q3/bin/../lib/gcc/arm-none-eabi/5.4.1/../../../../arm-none-eabi/lib/armv6-m/libc_nano.a(lib_a-lseekr.o)
 .debug_frame   0x00001dbc       0x20 /home/yuan/gcc-arm-none-eabi-5_4-2016q3/bin/../lib/gcc/arm-none-eabi/5.4.1/../../../../arm-none-eabi/lib/armv6-m/libc_nano.a(lib_a-memchr-stub.o)
 .debug_frame   0x00001ddc       0x30 /home/yuan/gcc-arm-none-eabi-5_4-2016q3/bin/../lib/gcc/arm-none-eabi/5.4.1/../../../../arm-none-eabi/lib/armv6-m/libc_nano.a(lib_a-mlock.o)
 .debug_frame   0x00001e0c       0x2c /home/yuan/gcc-arm-none-eabi-5_4-2016q3/bin/../lib/gcc/arm-none-eabi/5.4.1/../../../../arm-none-eabi/lib/armv6-m/libc_nano.a(lib_a-readr.o)
 .debug_frame   0x00001e38       0x48 /home/yuan/gcc-arm-none-eabi-5_4-2016q3/bin/../lib/gcc/arm-none-eabi/5.4.1/../../../../arm-none-eabi/lib/armv6-m/libc_nano.a(lib_a-reent.o)
 .debug_frame   0x00001e80       0x20 /home/yuan/gcc-arm-none-eabi-5_4-2016q3/bin/../lib/gcc/arm-none-eabi/5.4.1/../../../../arm-none-eabi/lib/armv6-m/libnosys.a(close.o)
 .debug_frame   0x00001ea0       0x20 /home/yuan/gcc-arm-none-eabi-5_4-2016q3/bin/../lib/gcc/arm-none-eabi/5.4.1/../../../../arm-none-eabi/lib/armv6-m/libnosys.a(fstat.o)
 .debug_frame   0x00001ec0       0x20 /home/yuan/gcc-arm-none-eabi-5_4-2016q3/bin/../lib/gcc/arm-none-eabi/5.4.1/../../../../arm-none-eabi/lib/armv6-m/libnosys.a(isatty.o)
 .debug_frame   0x00001ee0       0x20 /home/yuan/gcc-arm-none-eabi-5_4-2016q3/bin/../lib/gcc/arm-none-eabi/5.4.1/../../../../arm-none-eabi/lib/armv6-m/libnosys.a(lseek.o)
 .debug_frame   0x00001f00       0x20 /home/yuan/gcc-arm-none-eabi-5_4-2016q3/bin/../lib/gcc/arm-none-eabi/5.4.1/../../../../arm-none-eabi/lib/armv6-m/libnosys.a(read.o)
 .debug_frame   0x00001f20       0x20 /home/yuan/gcc-arm-none-eabi-5_4-2016q3/bin/../lib/gcc/arm-none-eabi/5.4.1/../../../../arm-none-eabi/lib/armv6-m/libnosys.a(sbrk.o)
 .debug_frame   0x00001f40       0x20 /home/yuan/gcc-arm-none-eabi-5_4-2016q3/bin/../lib/gcc/arm-none-eabi/5.4.1/armv6-m/libgcc.a(_udivsi3.o)
 .debug_frame   0x00001f60       0x20 /home/yuan/gcc-arm-none-eabi-5_4-2016q3/bin/../lib/gcc/arm-none-eabi/5.4.1/armv6-m/libgcc.a(_divsi3.o)

.stab           0x00000000       0x84
 .stab          0x00000000       0x24 /home/yuan/gcc-arm-none-eabi-5_4-2016q3/bin/../lib/gcc/arm-none-eabi/5.4.1/../../../../arm-none-eabi/lib/armv6-m/libnosys.a(close.o)
 .stab          0x00000024       0x18 /home/yuan/gcc-arm-none-eabi-5_4-2016q3/bin/../lib/gcc/arm-none-eabi/5.4.1/../../../../arm-none-eabi/lib/armv6-m/libnosys.a(fstat.o)
                                 0x24 (size before relaxing)
 .stab          0x0000003c       0x18 /home/yuan/gcc-arm-none-eabi-5_4-2016q3/bin/../lib/gcc/arm-none-eabi/5.4.1/../../../../arm-none-eabi/lib/armv6-m/libnosys.a(isatty.o)
                                 0x24 (size before relaxing)
 .stab          0x00000054       0x18 /home/yuan/gcc-arm-none-eabi-5_4-2016q3/bin/../lib/gcc/arm-none-eabi/5.4.1/../../../../arm-none-eabi/lib/armv6-m/libnosys.a(lseek.o)
                                 0x24 (size before relaxing)
 .stab          0x0000006c       0x18 /home/yuan/gcc-arm-none-eabi-5_4-2016q3/bin/../lib/gcc/arm-none-eabi/5.4.1/../../../../arm-none-eabi/lib/armv6-m/libnosys.a(read.o)
                                 0x24 (size before relaxing)

.stabstr        0x00000000      0x117
 .stabstr       0x00000000      0x117 /home/yuan/gcc-arm-none-eabi-5_4-2016q3/bin/../lib/gcc/arm-none-eabi/5.4.1/../../../../arm-none-eabi/lib/armv6-m/libnosys.a(close.o)

Cross Reference Table

Symbol                                            File
ADC1_IRQHandler                                   build/startup_stm32f030x6.o
AHBPrescTable                                     build/system_stm32f0xx.o
                                                  build/stm32f0xx_hal_rcc.o
                                                  build/light_rcc_init.o
APBPrescTable                                     build/system_stm32f0xx.o
                                                  build/stm32f0xx_hal_rcc.o
BOARD_Init                                        build/board.o
                                                  build/main.o
BOARD_Loop                                        build/board.o
                                                  build/main.o
BOARD_get_sku                                     build/board.o
DMA1_Channel1_IRQHandler                          build/startup_stm32f030x6.o
DMA1_Channel2_3_IRQHandler                        build/startup_stm32f030x6.o
DMA1_Channel4_5_IRQHandler                        build/startup_stm32f030x6.o
Default_Handler                                   build/startup_stm32f030x6.o
EXTI0_1_IRQHandler                                build/startup_stm32f030x6.o
EXTI2_3_IRQHandler                                build/startup_stm32f030x6.o
EXTI4_15_IRQHandler                               build/startup_stm32f030x6.o
Error_Handler                                     build/main.o
                                                  build/board.o
FLASH_IRQHandler                                  build/startup_stm32f030x6.o
FLASH_PageErase                                   build/stm32f0xx_hal_flash_ex.o
                                                  build/stm32f0xx_hal_flash.o
FLASH_WaitForLastOperation                        build/stm32f0xx_hal_flash.o
                                                  build/stm32f0xx_hal_flash_ex.o
Font_11x18_SUPPORT                                build/ssd1306_fonts.o
                                                  build/board.o
GPIO_UART_Init                                    build/gpio_uart.o
                                                  build/board.o
GPIO_UART_Transmit                                build/gpio_uart.o
                                                  build/board.o
GPIO_UART_send_byte                               build/gpio_uart.o
HAL_ADCEx_Calibration_Start                       build/stm32f0xx_hal_adc_ex.o
HAL_ADC_AnalogWDGConfig                           build/stm32f0xx_hal_adc.o
HAL_ADC_ConfigChannel                             build/stm32f0xx_hal_adc.o
HAL_ADC_ConvCpltCallback                          build/stm32f0xx_hal_adc.o
HAL_ADC_ConvHalfCpltCallback                      build/stm32f0xx_hal_adc.o
HAL_ADC_DeInit                                    build/stm32f0xx_hal_adc.o
HAL_ADC_ErrorCallback                             build/stm32f0xx_hal_adc.o
HAL_ADC_GetError                                  build/stm32f0xx_hal_adc.o
HAL_ADC_GetState                                  build/stm32f0xx_hal_adc.o
HAL_ADC_GetValue                                  build/stm32f0xx_hal_adc.o
HAL_ADC_IRQHandler                                build/stm32f0xx_hal_adc.o
HAL_ADC_Init                                      build/stm32f0xx_hal_adc.o
HAL_ADC_LevelOutOfWindowCallback                  build/stm32f0xx_hal_adc.o
HAL_ADC_MspDeInit                                 build/stm32f0xx_hal_msp.o
HAL_ADC_MspInit                                   build/stm32f0xx_hal_msp.o
HAL_ADC_PollForConversion                         build/stm32f0xx_hal_adc.o
HAL_ADC_PollForEvent                              build/stm32f0xx_hal_adc.o
HAL_ADC_Start                                     build/stm32f0xx_hal_adc.o
HAL_ADC_Start_DMA                                 build/stm32f0xx_hal_adc.o
HAL_ADC_Start_IT                                  build/stm32f0xx_hal_adc.o
HAL_ADC_Stop                                      build/stm32f0xx_hal_adc.o
HAL_ADC_Stop_DMA                                  build/stm32f0xx_hal_adc.o
HAL_ADC_Stop_IT                                   build/stm32f0xx_hal_adc.o
HAL_DBGMCU_DisableDBGStandbyMode                  build/stm32f0xx_hal.o
HAL_DBGMCU_DisableDBGStopMode                     build/stm32f0xx_hal.o
HAL_DBGMCU_EnableDBGStandbyMode                   build/stm32f0xx_hal.o
HAL_DBGMCU_EnableDBGStopMode                      build/stm32f0xx_hal.o
HAL_DMA_Abort                                     build/stm32f0xx_hal_dma.o
                                                  build/stm32f0xx_hal_adc.o
                                                  build/stm32f0xx_hal_uart.o
HAL_DMA_Abort_IT                                  build/stm32f0xx_hal_dma.o
                                                  build/stm32f0xx_hal_i2c.o
                                                  build/stm32f0xx_hal_uart.o
HAL_DMA_DeInit                                    build/stm32f0xx_hal_dma.o
HAL_DMA_GetError                                  build/stm32f0xx_hal_dma.o
                                                  build/stm32f0xx_hal_uart.o
HAL_DMA_GetState                                  build/stm32f0xx_hal_dma.o
                                                  build/stm32f0xx_hal_i2c.o
HAL_DMA_IRQHandler                                build/stm32f0xx_hal_dma.o
HAL_DMA_Init                                      build/stm32f0xx_hal_dma.o
HAL_DMA_PollForTransfer                           build/stm32f0xx_hal_dma.o
HAL_DMA_RegisterCallback                          build/stm32f0xx_hal_dma.o
HAL_DMA_Start                                     build/stm32f0xx_hal_dma.o
HAL_DMA_Start_IT                                  build/stm32f0xx_hal_dma.o
                                                  build/stm32f0xx_hal_i2c.o
                                                  build/stm32f0xx_hal_adc.o
                                                  build/stm32f0xx_hal_uart.o
HAL_DMA_UnRegisterCallback                        build/stm32f0xx_hal_dma.o
HAL_DeInit                                        build/stm32f0xx_hal.o
HAL_Delay                                         build/stm32f0xx_hal.o
                                                  build/ina3221.o
                                                  build/ssd1306.o
                                                  build/gpio_uart.o
                                                  build/main.o
HAL_EXTI_ClearConfigLine                          build/stm32f0xx_hal_exti.o
HAL_EXTI_ClearPending                             build/stm32f0xx_hal_exti.o
HAL_EXTI_GenerateSWI                              build/stm32f0xx_hal_exti.o
HAL_EXTI_GetConfigLine                            build/stm32f0xx_hal_exti.o
HAL_EXTI_GetHandle                                build/stm32f0xx_hal_exti.o
HAL_EXTI_GetPending                               build/stm32f0xx_hal_exti.o
HAL_EXTI_IRQHandler                               build/stm32f0xx_hal_exti.o
HAL_EXTI_RegisterCallback                         build/stm32f0xx_hal_exti.o
HAL_EXTI_SetConfigLine                            build/stm32f0xx_hal_exti.o
HAL_FLASHEx_Erase                                 build/stm32f0xx_hal_flash_ex.o
HAL_FLASHEx_Erase_IT                              build/stm32f0xx_hal_flash_ex.o
HAL_FLASHEx_OBErase                               build/stm32f0xx_hal_flash_ex.o
HAL_FLASHEx_OBGetConfig                           build/stm32f0xx_hal_flash_ex.o
HAL_FLASHEx_OBGetUserData                         build/stm32f0xx_hal_flash_ex.o
HAL_FLASHEx_OBProgram                             build/stm32f0xx_hal_flash_ex.o
HAL_FLASH_EndOfOperationCallback                  build/stm32f0xx_hal_flash.o
HAL_FLASH_GetError                                build/stm32f0xx_hal_flash.o
HAL_FLASH_IRQHandler                              build/stm32f0xx_hal_flash.o
HAL_FLASH_Lock                                    build/stm32f0xx_hal_flash.o
HAL_FLASH_OB_Launch                               build/stm32f0xx_hal_flash.o
HAL_FLASH_OB_Lock                                 build/stm32f0xx_hal_flash.o
HAL_FLASH_OB_Unlock                               build/stm32f0xx_hal_flash.o
HAL_FLASH_OperationErrorCallback                  build/stm32f0xx_hal_flash.o
HAL_FLASH_Program                                 build/stm32f0xx_hal_flash.o
HAL_FLASH_Program_IT                              build/stm32f0xx_hal_flash.o
HAL_FLASH_Unlock                                  build/stm32f0xx_hal_flash.o
HAL_GPIO_DeInit                                   build/stm32f0xx_hal_gpio.o
                                                  build/stm32f0xx_hal_msp.o
HAL_GPIO_EXTI_Callback                            build/stm32f0xx_hal_gpio.o
HAL_GPIO_EXTI_IRQHandler                          build/stm32f0xx_hal_gpio.o
HAL_GPIO_Init                                     build/stm32f0xx_hal_gpio.o
                                                  build/stm32f0xx_hal_rcc.o
                                                  build/stm32f0xx_hal_msp.o
                                                  build/main.o
HAL_GPIO_LockPin                                  build/stm32f0xx_hal_gpio.o
HAL_GPIO_ReadPin                                  build/stm32f0xx_hal_gpio.o
HAL_GPIO_TogglePin                                build/stm32f0xx_hal_gpio.o
                                                  build/main.o
HAL_GPIO_WritePin                                 build/stm32f0xx_hal_gpio.o
                                                  build/gpio_uart.o
                                                  build/main.o
HAL_GetDEVID                                      build/stm32f0xx_hal.o
HAL_GetHalVersion                                 build/stm32f0xx_hal.o
HAL_GetREVID                                      build/stm32f0xx_hal.o
HAL_GetTick                                       build/stm32f0xx_hal.o
                                                  build/stm32f0xx_hal_flash.o
                                                  build/stm32f0xx_hal_dma.o
                                                  build/stm32f0xx_hal_i2c.o
                                                  build/stm32f0xx_hal_rcc_ex.o
                                                  build/stm32f0xx_hal_rcc.o
                                                  build/stm32f0xx_hal_adc_ex.o
                                                  build/stm32f0xx_hal_adc.o
                                                  build/stm32f0xx_hal_uart_ex.o
                                                  build/stm32f0xx_hal_uart.o
                                                  build/light_rcc_init.o
                                                  build/main.o
HAL_GetTickFreq                                   build/stm32f0xx_hal.o
HAL_GetTickPrio                                   build/stm32f0xx_hal.o
HAL_GetUIDw0                                      build/stm32f0xx_hal.o
HAL_GetUIDw1                                      build/stm32f0xx_hal.o
HAL_GetUIDw2                                      build/stm32f0xx_hal.o
HAL_HalfDuplex_EnableReceiver                     build/stm32f0xx_hal_uart.o
HAL_HalfDuplex_EnableTransmitter                  build/stm32f0xx_hal_uart.o
HAL_HalfDuplex_Init                               build/stm32f0xx_hal_uart.o
HAL_I2CEx_ConfigAnalogFilter                      build/stm32f0xx_hal_i2c_ex.o
                                                  build/main.o
HAL_I2CEx_ConfigDigitalFilter                     build/stm32f0xx_hal_i2c_ex.o
                                                  build/main.o
HAL_I2CEx_DisableFastModePlus                     build/stm32f0xx_hal_i2c_ex.o
HAL_I2CEx_EnableFastModePlus                      build/stm32f0xx_hal_i2c_ex.o
HAL_I2C_AbortCpltCallback                         build/stm32f0xx_hal_i2c.o
HAL_I2C_AddrCallback                              build/stm32f0xx_hal_i2c.o
HAL_I2C_DeInit                                    build/stm32f0xx_hal_i2c.o
HAL_I2C_DisableListen_IT                          build/stm32f0xx_hal_i2c.o
HAL_I2C_ER_IRQHandler                             build/stm32f0xx_hal_i2c.o
HAL_I2C_EV_IRQHandler                             build/stm32f0xx_hal_i2c.o
HAL_I2C_EnableListen_IT                           build/stm32f0xx_hal_i2c.o
HAL_I2C_ErrorCallback                             build/stm32f0xx_hal_i2c.o
HAL_I2C_GetError                                  build/stm32f0xx_hal_i2c.o
HAL_I2C_GetMode                                   build/stm32f0xx_hal_i2c.o
HAL_I2C_GetState                                  build/stm32f0xx_hal_i2c.o
HAL_I2C_Init                                      build/stm32f0xx_hal_i2c.o
                                                  build/main.o
HAL_I2C_IsDeviceReady                             build/stm32f0xx_hal_i2c.o
                                                  build/ina3221.o
                                                  build/ssd1306.o
                                                  build/board.o
HAL_I2C_ListenCpltCallback                        build/stm32f0xx_hal_i2c.o
HAL_I2C_MasterRxCpltCallback                      build/stm32f0xx_hal_i2c.o
HAL_I2C_MasterTxCpltCallback                      build/stm32f0xx_hal_i2c.o
HAL_I2C_Master_Abort_IT                           build/stm32f0xx_hal_i2c.o
HAL_I2C_Master_Receive                            build/stm32f0xx_hal_i2c.o
                                                  build/ina3221.o
HAL_I2C_Master_Receive_DMA                        build/stm32f0xx_hal_i2c.o
HAL_I2C_Master_Receive_IT                         build/stm32f0xx_hal_i2c.o
HAL_I2C_Master_Seq_Receive_DMA                    build/stm32f0xx_hal_i2c.o
HAL_I2C_Master_Seq_Receive_IT                     build/stm32f0xx_hal_i2c.o
HAL_I2C_Master_Seq_Transmit_DMA                   build/stm32f0xx_hal_i2c.o
HAL_I2C_Master_Seq_Transmit_IT                    build/stm32f0xx_hal_i2c.o
HAL_I2C_Master_Transmit                           build/stm32f0xx_hal_i2c.o
                                                  build/ina3221.o
HAL_I2C_Master_Transmit_DMA                       build/stm32f0xx_hal_i2c.o
HAL_I2C_Master_Transmit_IT                        build/stm32f0xx_hal_i2c.o
HAL_I2C_MemRxCpltCallback                         build/stm32f0xx_hal_i2c.o
HAL_I2C_MemTxCpltCallback                         build/stm32f0xx_hal_i2c.o
HAL_I2C_Mem_Read                                  build/stm32f0xx_hal_i2c.o
HAL_I2C_Mem_Read_DMA                              build/stm32f0xx_hal_i2c.o
HAL_I2C_Mem_Read_IT                               build/stm32f0xx_hal_i2c.o
HAL_I2C_Mem_Write                                 build/stm32f0xx_hal_i2c.o
                                                  build/ssd1306.o
HAL_I2C_Mem_Write_DMA                             build/stm32f0xx_hal_i2c.o
HAL_I2C_Mem_Write_IT                              build/stm32f0xx_hal_i2c.o
HAL_I2C_MspDeInit                                 build/stm32f0xx_hal_msp.o
HAL_I2C_MspInit                                   build/stm32f0xx_hal_msp.o
HAL_I2C_SlaveRxCpltCallback                       build/stm32f0xx_hal_i2c.o
HAL_I2C_SlaveTxCpltCallback                       build/stm32f0xx_hal_i2c.o
HAL_I2C_Slave_Receive                             build/stm32f0xx_hal_i2c.o
HAL_I2C_Slave_Receive_DMA                         build/stm32f0xx_hal_i2c.o
HAL_I2C_Slave_Receive_IT                          build/stm32f0xx_hal_i2c.o
HAL_I2C_Slave_Seq_Receive_DMA                     build/stm32f0xx_hal_i2c.o
HAL_I2C_Slave_Seq_Receive_IT                      build/stm32f0xx_hal_i2c.o
HAL_I2C_Slave_Seq_Transmit_DMA                    build/stm32f0xx_hal_i2c.o
HAL_I2C_Slave_Seq_Transmit_IT                     build/stm32f0xx_hal_i2c.o
HAL_I2C_Slave_Transmit                            build/stm32f0xx_hal_i2c.o
HAL_I2C_Slave_Transmit_DMA                        build/stm32f0xx_hal_i2c.o
HAL_I2C_Slave_Transmit_IT                         build/stm32f0xx_hal_i2c.o
HAL_IncTick                                       build/stm32f0xx_hal.o
                                                  build/stm32f0xx_it.o
HAL_Init                                          build/stm32f0xx_hal.o
                                                  build/main.o
HAL_InitTick                                      build/stm32f0xx_hal.o
                                                  build/stm32f0xx_hal_rcc.o
                                                  build/light_rcc_init.o
HAL_MspDeInit                                     build/stm32f0xx_hal.o
HAL_MspInit                                       build/stm32f0xx_hal_msp.o
HAL_MultiProcessorEx_AddressLength_Set            build/stm32f0xx_hal_uart_ex.o
HAL_MultiProcessor_DisableMuteMode                build/stm32f0xx_hal_uart.o
HAL_MultiProcessor_EnableMuteMode                 build/stm32f0xx_hal_uart.o
HAL_MultiProcessor_EnterMuteMode                  build/stm32f0xx_hal_uart.o
HAL_MultiProcessor_Init                           build/stm32f0xx_hal_uart.o
HAL_NVIC_ClearPendingIRQ                          build/stm32f0xx_hal_cortex.o
HAL_NVIC_DisableIRQ                               build/stm32f0xx_hal_cortex.o
HAL_NVIC_EnableIRQ                                build/stm32f0xx_hal_cortex.o
HAL_NVIC_GetPendingIRQ                            build/stm32f0xx_hal_cortex.o
HAL_NVIC_GetPriority                              build/stm32f0xx_hal_cortex.o
HAL_NVIC_SetPendingIRQ                            build/stm32f0xx_hal_cortex.o
HAL_NVIC_SetPriority                              build/stm32f0xx_hal_cortex.o
                                                  build/stm32f0xx_hal.o
HAL_NVIC_SystemReset                              build/stm32f0xx_hal_cortex.o
                                                  build/main.o
HAL_PWR_DeInit                                    build/stm32f0xx_hal_pwr.o
HAL_PWR_DisableBkUpAccess                         build/stm32f0xx_hal_pwr.o
HAL_PWR_DisableSEVOnPend                          build/stm32f0xx_hal_pwr.o
HAL_PWR_DisableSleepOnExit                        build/stm32f0xx_hal_pwr.o
HAL_PWR_DisableWakeUpPin                          build/stm32f0xx_hal_pwr.o
HAL_PWR_EnableBkUpAccess                          build/stm32f0xx_hal_pwr.o
HAL_PWR_EnableSEVOnPend                           build/stm32f0xx_hal_pwr.o
HAL_PWR_EnableSleepOnExit                         build/stm32f0xx_hal_pwr.o
HAL_PWR_EnableWakeUpPin                           build/stm32f0xx_hal_pwr.o
HAL_PWR_EnterSLEEPMode                            build/stm32f0xx_hal_pwr.o
HAL_PWR_EnterSTANDBYMode                          build/stm32f0xx_hal_pwr.o
HAL_PWR_EnterSTOPMode                             build/stm32f0xx_hal_pwr.o
HAL_RCCEx_GetPeriphCLKConfig                      build/stm32f0xx_hal_rcc_ex.o
HAL_RCCEx_GetPeriphCLKFreq                        build/stm32f0xx_hal_rcc_ex.o
HAL_RCCEx_PeriphCLKConfig                         build/stm32f0xx_hal_rcc_ex.o
                                                  build/main.o
HAL_RCC_CSSCallback                               build/stm32f0xx_hal_rcc.o
HAL_RCC_ClockConfig                               build/stm32f0xx_hal_rcc.o
                                                  build/main.o
HAL_RCC_DeInit                                    build/stm32f0xx_hal_rcc.o
HAL_RCC_DisableCSS                                build/stm32f0xx_hal_rcc.o
HAL_RCC_EnableCSS                                 build/stm32f0xx_hal_rcc.o
HAL_RCC_GetClockConfig                            build/stm32f0xx_hal_rcc.o
HAL_RCC_GetHCLKFreq                               build/stm32f0xx_hal_rcc.o
HAL_RCC_GetOscConfig                              build/stm32f0xx_hal_rcc.o
HAL_RCC_GetPCLK1Freq                              build/stm32f0xx_hal_rcc.o
                                                  build/stm32f0xx_hal_rcc_ex.o
                                                  build/stm32f0xx_hal_uart.o
HAL_RCC_GetSysClockFreq                           build/stm32f0xx_hal_rcc.o
                                                  build/stm32f0xx_hal_rcc_ex.o
                                                  build/stm32f0xx_hal_uart.o
                                                  build/light_rcc_init.o
HAL_RCC_MCOConfig                                 build/stm32f0xx_hal_rcc.o
HAL_RCC_NMI_IRQHandler                            build/stm32f0xx_hal_rcc.o
HAL_RCC_OscConfig                                 build/stm32f0xx_hal_rcc.o
                                                  build/main.o
HAL_RS485Ex_Init                                  build/stm32f0xx_hal_uart_ex.o
HAL_ResumeTick                                    build/stm32f0xx_hal.o
HAL_SYSTICK_CLKSourceConfig                       build/stm32f0xx_hal_cortex.o
HAL_SYSTICK_Callback                              build/stm32f0xx_hal_cortex.o
HAL_SYSTICK_Config                                build/stm32f0xx_hal_cortex.o
                                                  build/stm32f0xx_hal.o
HAL_SYSTICK_IRQHandler                            build/stm32f0xx_hal_cortex.o
HAL_SetTickFreq                                   build/stm32f0xx_hal.o
HAL_SuspendTick                                   build/stm32f0xx_hal.o
HAL_UARTEx_ReceiveToIdle                          build/stm32f0xx_hal_uart_ex.o
HAL_UARTEx_ReceiveToIdle_DMA                      build/stm32f0xx_hal_uart_ex.o
HAL_UARTEx_ReceiveToIdle_IT                       build/stm32f0xx_hal_uart_ex.o
HAL_UARTEx_RxEventCallback                        build/stm32f0xx_hal_uart.o
HAL_UART_Abort                                    build/stm32f0xx_hal_uart.o
HAL_UART_AbortCpltCallback                        build/stm32f0xx_hal_uart.o
HAL_UART_AbortReceive                             build/stm32f0xx_hal_uart.o
HAL_UART_AbortReceiveCpltCallback                 build/stm32f0xx_hal_uart.o
HAL_UART_AbortReceive_IT                          build/stm32f0xx_hal_uart.o
HAL_UART_AbortTransmit                            build/stm32f0xx_hal_uart.o
HAL_UART_AbortTransmitCpltCallback                build/stm32f0xx_hal_uart.o
HAL_UART_AbortTransmit_IT                         build/stm32f0xx_hal_uart.o
HAL_UART_Abort_IT                                 build/stm32f0xx_hal_uart.o
HAL_UART_DMAPause                                 build/stm32f0xx_hal_uart.o
HAL_UART_DMAResume                                build/stm32f0xx_hal_uart.o
HAL_UART_DMAStop                                  build/stm32f0xx_hal_uart.o
HAL_UART_DeInit                                   build/stm32f0xx_hal_uart.o
HAL_UART_DisableReceiverTimeout                   build/stm32f0xx_hal_uart.o
HAL_UART_EnableReceiverTimeout                    build/stm32f0xx_hal_uart.o
HAL_UART_ErrorCallback                            build/stm32f0xx_hal_uart.o
HAL_UART_GetError                                 build/stm32f0xx_hal_uart.o
HAL_UART_GetState                                 build/stm32f0xx_hal_uart.o
HAL_UART_IRQHandler                               build/stm32f0xx_hal_uart.o
HAL_UART_Init                                     build/stm32f0xx_hal_uart.o
HAL_UART_MspDeInit                                build/stm32f0xx_hal_msp.o
HAL_UART_MspInit                                  build/stm32f0xx_hal_msp.o
                                                  build/stm32f0xx_hal_uart_ex.o
HAL_UART_Receive                                  build/stm32f0xx_hal_uart.o
HAL_UART_Receive_DMA                              build/stm32f0xx_hal_uart.o
HAL_UART_Receive_IT                               build/stm32f0xx_hal_uart.o
HAL_UART_ReceiverTimeout_Config                   build/stm32f0xx_hal_uart.o
HAL_UART_RxCpltCallback                           build/stm32f0xx_hal_uart.o
HAL_UART_RxHalfCpltCallback                       build/stm32f0xx_hal_uart.o
HAL_UART_Transmit                                 build/stm32f0xx_hal_uart.o
HAL_UART_Transmit_DMA                             build/stm32f0xx_hal_uart.o
HAL_UART_Transmit_IT                              build/stm32f0xx_hal_uart.o
HAL_UART_TxCpltCallback                           build/stm32f0xx_hal_uart.o
HAL_UART_TxHalfCpltCallback                       build/stm32f0xx_hal_uart.o
HardFault_Handler                                 build/stm32f0xx_it.o
I2C1_IRQHandler                                   build/startup_stm32f030x6.o
Light_SystemClock_Config                          build/light_rcc_init.o
                                                  build/main.o
NMI_Handler                                       build/stm32f0xx_it.o
PendSV_Handler                                    build/stm32f0xx_it.o
RCC_IRQHandler                                    build/startup_stm32f030x6.o
RTC_IRQHandler                                    build/startup_stm32f030x6.o
Reset_Handler                                     build/startup_stm32f030x6.o
SPI1_IRQHandler                                   build/startup_stm32f030x6.o
SVC_Handler                                       build/stm32f0xx_it.o
SysTick_Handler                                   build/stm32f0xx_it.o
SystemClock_Config                                build/main.o
SystemCoreClock                                   build/system_stm32f0xx.o
                                                  build/stm32f0xx_hal.o
                                                  build/stm32f0xx_hal_rcc.o
                                                  build/stm32f0xx_hal_adc.o
                                                  build/light_rcc_init.o
SystemCoreClockUpdate                             build/system_stm32f0xx.o
SystemInit                                        build/system_stm32f0xx.o
                                                  build/startup_stm32f030x6.o
TIM14_IRQHandler                                  build/startup_stm32f030x6.o
TIM16_IRQHandler                                  build/startup_stm32f030x6.o
TIM17_IRQHandler                                  build/startup_stm32f030x6.o
TIM1_BRK_UP_TRG_COM_IRQHandler                    build/startup_stm32f030x6.o
TIM1_CC_IRQHandler                                build/startup_stm32f030x6.o
TIM3_IRQHandler                                   build/startup_stm32f030x6.o
UART_AdvFeatureConfig                             build/stm32f0xx_hal_uart.o
                                                  build/stm32f0xx_hal_uart_ex.o
UART_CheckIdleState                               build/stm32f0xx_hal_uart.o
                                                  build/stm32f0xx_hal_uart_ex.o
UART_SetConfig                                    build/stm32f0xx_hal_uart.o
                                                  build/stm32f0xx_hal_uart_ex.o
UART_Start_Receive_DMA                            build/stm32f0xx_hal_uart.o
                                                  build/stm32f0xx_hal_uart_ex.o
UART_Start_Receive_IT                             build/stm32f0xx_hal_uart.o
                                                  build/stm32f0xx_hal_uart_ex.o
UART_WaitOnFlagUntilTimeout                       build/stm32f0xx_hal_uart.o
USART1_IRQHandler                                 build/startup_stm32f030x6.o
WWDG_IRQHandler                                   build/startup_stm32f030x6.o
_Jv_RegisterClasses                               /home/yuan/gcc-arm-none-eabi-5_4-2016q3/bin/../lib/gcc/arm-none-eabi/5.4.1/armv6-m/crtbegin.o
__aeabi_cdcmpeq                                   /home/yuan/gcc-arm-none-eabi-5_4-2016q3/bin/../lib/gcc/arm-none-eabi/5.4.1/armv6-m/libgcc.a(_arm_cmpdf2.o)
__aeabi_cdcmple                                   /home/yuan/gcc-arm-none-eabi-5_4-2016q3/bin/../lib/gcc/arm-none-eabi/5.4.1/armv6-m/libgcc.a(_arm_cmpdf2.o)
__aeabi_cdrcmple                                  /home/yuan/gcc-arm-none-eabi-5_4-2016q3/bin/../lib/gcc/arm-none-eabi/5.4.1/armv6-m/libgcc.a(_arm_cmpdf2.o)
__aeabi_d2f                                       /home/yuan/gcc-arm-none-eabi-5_4-2016q3/bin/../lib/gcc/arm-none-eabi/5.4.1/armv6-m/libgcc.a(truncdfsf2.o)
                                                  build/ssd1306.o
__aeabi_d2iz                                      /home/yuan/gcc-arm-none-eabi-5_4-2016q3/bin/../lib/gcc/arm-none-eabi/5.4.1/armv6-m/libgcc.a(fixdfsi.o)
                                                  /home/yuan/gcc-arm-none-eabi-5_4-2016q3/bin/../lib/gcc/arm-none-eabi/5.4.1/../../../../arm-none-eabi/lib/armv6-m/libm.a(lib_a-k_sin.o)
                                                  /home/yuan/gcc-arm-none-eabi-5_4-2016q3/bin/../lib/gcc/arm-none-eabi/5.4.1/../../../../arm-none-eabi/lib/armv6-m/libm.a(lib_a-k_rem_pio2.o)
                                                  /home/yuan/gcc-arm-none-eabi-5_4-2016q3/bin/../lib/gcc/arm-none-eabi/5.4.1/../../../../arm-none-eabi/lib/armv6-m/libm.a(lib_a-k_cos.o)
                                                  /home/yuan/gcc-arm-none-eabi-5_4-2016q3/bin/../lib/gcc/arm-none-eabi/5.4.1/../../../../arm-none-eabi/lib/armv6-m/libm.a(lib_a-e_rem_pio2.o)
                                                  build/ssd1306.o
__aeabi_dadd                                      /home/yuan/gcc-arm-none-eabi-5_4-2016q3/bin/../lib/gcc/arm-none-eabi/5.4.1/armv6-m/libgcc.a(adddf3.o)
                                                  /home/yuan/gcc-arm-none-eabi-5_4-2016q3/bin/../lib/gcc/arm-none-eabi/5.4.1/../../../../arm-none-eabi/lib/armv6-m/libm.a(lib_a-s_scalbn.o)
                                                  /home/yuan/gcc-arm-none-eabi-5_4-2016q3/bin/../lib/gcc/arm-none-eabi/5.4.1/../../../../arm-none-eabi/lib/armv6-m/libm.a(lib_a-s_floor.o)
                                                  /home/yuan/gcc-arm-none-eabi-5_4-2016q3/bin/../lib/gcc/arm-none-eabi/5.4.1/../../../../arm-none-eabi/lib/armv6-m/libm.a(lib_a-k_sin.o)
                                                  /home/yuan/gcc-arm-none-eabi-5_4-2016q3/bin/../lib/gcc/arm-none-eabi/5.4.1/../../../../arm-none-eabi/lib/armv6-m/libm.a(lib_a-k_rem_pio2.o)
                                                  /home/yuan/gcc-arm-none-eabi-5_4-2016q3/bin/../lib/gcc/arm-none-eabi/5.4.1/../../../../arm-none-eabi/lib/armv6-m/libm.a(lib_a-k_cos.o)
                                                  /home/yuan/gcc-arm-none-eabi-5_4-2016q3/bin/../lib/gcc/arm-none-eabi/5.4.1/../../../../arm-none-eabi/lib/armv6-m/libm.a(lib_a-e_rem_pio2.o)
__aeabi_dcmpeq                                    /home/yuan/gcc-arm-none-eabi-5_4-2016q3/bin/../lib/gcc/arm-none-eabi/5.4.1/armv6-m/libgcc.a(_arm_cmpdf2.o)
                                                  /home/yuan/gcc-arm-none-eabi-5_4-2016q3/bin/../lib/gcc/arm-none-eabi/5.4.1/../../../../arm-none-eabi/lib/armv6-m/libm.a(lib_a-k_rem_pio2.o)
                                                  /home/yuan/gcc-arm-none-eabi-5_4-2016q3/bin/../lib/gcc/arm-none-eabi/5.4.1/../../../../arm-none-eabi/lib/armv6-m/libm.a(lib_a-e_rem_pio2.o)
__aeabi_dcmpge                                    /home/yuan/gcc-arm-none-eabi-5_4-2016q3/bin/../lib/gcc/arm-none-eabi/5.4.1/armv6-m/libgcc.a(_arm_cmpdf2.o)
                                                  /home/yuan/gcc-arm-none-eabi-5_4-2016q3/bin/../lib/gcc/arm-none-eabi/5.4.1/../../../../arm-none-eabi/lib/armv6-m/libm.a(lib_a-k_rem_pio2.o)
__aeabi_dcmpgt                                    /home/yuan/gcc-arm-none-eabi-5_4-2016q3/bin/../lib/gcc/arm-none-eabi/5.4.1/armv6-m/libgcc.a(_arm_cmpdf2.o)